Archive member included because of file (symbol)

C:\Users\thiago\uC\arduino_core\168P_8MHz\libarduino_core.a(Print.o)
                              ./LiquidCrystal.o (Print::write(unsigned char const*, unsigned int))
C:\Users\thiago\uC\arduino_core\168P_8MHz\libarduino_core.a(WString.o)
                              C:\Users\thiago\uC\arduino_core\168P_8MHz\libarduino_core.a(Print.o) (String::operator[](unsigned int) const)
C:\Users\thiago\uC\arduino_core\168P_8MHz\libarduino_core.a(new.o)
                              C:\Users\thiago\uC\arduino_core\168P_8MHz\libarduino_core.a(Print.o) (__cxa_pure_virtual)
C:\Users\thiago\uC\arduino_core\168P_8MHz\libarduino_core.a(wiring.o)
                              ./PID_v1.o (millis)
C:\Users\thiago\uC\arduino_core\168P_8MHz\libarduino_core.a(wiring_analog.o)
                              ./main.o (analogRead)
C:\Users\thiago\uC\arduino_core\168P_8MHz\libarduino_core.a(wiring_digital.o)
                              ./LiquidCrystal.o (pinMode)
c:/winavr-20100110/bin/../lib/gcc/avr/4.3.3/avr5\libgcc.a(_mulsi3.o)
                              C:\Users\thiago\uC\arduino_core\168P_8MHz\libarduino_core.a(Print.o) (__mulsi3)
c:/winavr-20100110/bin/../lib/gcc/avr/4.3.3/avr5\libgcc.a(_udivmodsi4.o)
                              C:\Users\thiago\uC\arduino_core\168P_8MHz\libarduino_core.a(Print.o) (__udivmodsi4)
c:/winavr-20100110/bin/../lib/gcc/avr/4.3.3/avr5\libgcc.a(_exit.o)
                              c:/winavr-20100110/bin/../lib/gcc/avr/4.3.3/../../../../avr/lib/avr5/crtm168.o (exit)
c:/winavr-20100110/bin/../lib/gcc/avr/4.3.3/avr5\libgcc.a(_copy_data.o)
                              ./LiquidCrystal.o (__do_copy_data)
c:/winavr-20100110/bin/../lib/gcc/avr/4.3.3/avr5\libgcc.a(_clear_bss.o)
                              ./main.o (__do_clear_bss)
c:/winavr-20100110/bin/../lib/gcc/avr/4.3.3/avr5\libgcc.a(_ctors.o)
                              ./main.o (__do_global_ctors)
c:/winavr-20100110/bin/../lib/gcc/avr/4.3.3/avr5\libgcc.a(_fixunssfsi.o)
                              ./main.o (__fixunssfsi)
c:/winavr-20100110/bin/../lib/gcc/avr/4.3.3/avr5\libgcc.a(_addsub_sf.o)
                              ./PID_v1.o (__subsf3)
c:/winavr-20100110/bin/../lib/gcc/avr/4.3.3/avr5\libgcc.a(_mul_sf.o)
                              ./PID_v1.o (__mulsf3)
c:/winavr-20100110/bin/../lib/gcc/avr/4.3.3/avr5\libgcc.a(_div_sf.o)
                              ./PID_v1.o (__divsf3)
c:/winavr-20100110/bin/../lib/gcc/avr/4.3.3/avr5\libgcc.a(_gt_sf.o)
                              ./PID_v1.o (__gtsf2)
c:/winavr-20100110/bin/../lib/gcc/avr/4.3.3/avr5\libgcc.a(_ge_sf.o)
                              ./PID_v1.o (__gesf2)
c:/winavr-20100110/bin/../lib/gcc/avr/4.3.3/avr5\libgcc.a(_lt_sf.o)
                              ./PID_v1.o (__ltsf2)
c:/winavr-20100110/bin/../lib/gcc/avr/4.3.3/avr5\libgcc.a(_le_sf.o)
                              C:\Users\thiago\uC\arduino_core\168P_8MHz\libarduino_core.a(Print.o) (__lesf2)
c:/winavr-20100110/bin/../lib/gcc/avr/4.3.3/avr5\libgcc.a(_unord_sf.o)
                              C:\Users\thiago\uC\arduino_core\168P_8MHz\libarduino_core.a(Print.o) (__unordsf2)
c:/winavr-20100110/bin/../lib/gcc/avr/4.3.3/avr5\libgcc.a(_si_to_sf.o)
                              ./PID_v1.o (__floatsisf)
c:/winavr-20100110/bin/../lib/gcc/avr/4.3.3/avr5\libgcc.a(_sf_to_si.o)
                              ./main.o (__fixsfsi)
c:/winavr-20100110/bin/../lib/gcc/avr/4.3.3/avr5\libgcc.a(_thenan_sf.o)
                              c:/winavr-20100110/bin/../lib/gcc/avr/4.3.3/avr5\libgcc.a(_addsub_sf.o) (__thenan_sf)
c:/winavr-20100110/bin/../lib/gcc/avr/4.3.3/avr5\libgcc.a(_usi_to_sf.o)
                              ./PID_v1.o (__floatunsisf)
c:/winavr-20100110/bin/../lib/gcc/avr/4.3.3/avr5\libgcc.a(_prologue.o)
                              c:/winavr-20100110/bin/../lib/gcc/avr/4.3.3/avr5\libgcc.a(_addsub_sf.o) (__prologue_saves__)
c:/winavr-20100110/bin/../lib/gcc/avr/4.3.3/avr5\libgcc.a(_epilogue.o)
                              c:/winavr-20100110/bin/../lib/gcc/avr/4.3.3/avr5\libgcc.a(_addsub_sf.o) (__epilogue_restores__)
c:/winavr-20100110/bin/../lib/gcc/avr/4.3.3/avr5\libgcc.a(_tablejump.o)
                              c:/winavr-20100110/bin/../lib/gcc/avr/4.3.3/avr5\libgcc.a(_ctors.o) (__tablejump__)
c:/winavr-20100110/bin/../lib/gcc/avr/4.3.3/avr5\libgcc.a(_clzsi2.o)
                              c:/winavr-20100110/bin/../lib/gcc/avr/4.3.3/avr5\libgcc.a(_si_to_sf.o) (__clzsi2)
c:/winavr-20100110/bin/../lib/gcc/avr/4.3.3/avr5\libgcc.a(_pack_sf.o)
                              c:/winavr-20100110/bin/../lib/gcc/avr/4.3.3/avr5\libgcc.a(_addsub_sf.o) (__pack_f)
c:/winavr-20100110/bin/../lib/gcc/avr/4.3.3/avr5\libgcc.a(_unpack_sf.o)
                              c:/winavr-20100110/bin/../lib/gcc/avr/4.3.3/avr5\libgcc.a(_addsub_sf.o) (__unpack_f)
c:/winavr-20100110/bin/../lib/gcc/avr/4.3.3/avr5\libgcc.a(_fpcmp_parts_sf.o)
[...]
Memory Configuration

Name             Origin             Length             Attributes
text             0x00000000         0x00020000         xr
data             0x00800060         0x0000ffa0         rw !x
eeprom           0x00810000         0x00010000         rw !x
fuse             0x00820000         0x00000400         rw !x
lock             0x00830000         0x00000400         rw !x
signature        0x00840000         0x00000400         rw !x
*default*        0x00000000         0xffffffff

Linker script and memory map

Address of section .data set to 0x800100
LOAD c:/winavr-20100110/bin/../lib/gcc/avr/4.3.3/../../../../avr/lib/avr5/crtm168.o
LOAD ./LiquidCrystal.o
LOAD ./PID_v1.o
LOAD ./main.o
LOAD C:\Users\thiago\uC\arduino_core\168P_8MHz\libarduino_core.a
LOAD c:/winavr-20100110/bin/../lib/gcc/avr/4.3.3/avr5\libgcc.a
LOAD c:/winavr-20100110/bin/../lib/gcc/avr/4.3.3/../../../../avr/lib/avr5\libm.a
LOAD c:/winavr-20100110/bin/../lib/gcc/avr/4.3.3/avr5\libgcc.a
LOAD c:/winavr-20100110/bin/../lib/gcc/avr/4.3.3/../../../../avr/lib/avr5\libc.a
LOAD c:/winavr-20100110/bin/../lib/gcc/avr/4.3.3/avr5\libgcc.a

.hash
 *(.hash)

.dynsym
 *(.dynsym)

.dynstr
 *(.dynstr)

.gnu.version
 *(.gnu.version)

.gnu.version_d
 *(.gnu.version_d)

.gnu.version_r
 *(.gnu.version_r)

.rel.init
 *(.rel.init)

.rela.init
 *(.rela.init)

.rel.text
 *(.rel.text)
 *(.rel.text.*)
 *(.rel.gnu.linkonce.t*)

.rela.text
 *(.rela.text)
 *(.rela.text.*)
 *(.rela.gnu.linkonce.t*)

.rel.fini
 *(.rel.fini)

.rela.fini
 *(.rela.fini)

.rel.rodata
 *(.rel.rodata)
 *(.rel.rodata.*)
 *(.rel.gnu.linkonce.r*)

.rela.rodata
 *(.rela.rodata)
 *(.rela.rodata.*)
 *(.rela.gnu.linkonce.r*)

.rel.data
 *(.rel.data)
 *(.rel.data.*)
 *(.rel.gnu.linkonce.d*)

.rela.data
 *(.rela.data)
 *(.rela.data.*)
 *(.rela.gnu.linkonce.d*)

.rel.ctors
 *(.rel.ctors)

.rela.ctors
 *(.rela.ctors)

.rel.dtors
 *(.rel.dtors)

.rela.dtors
 *(.rela.dtors)

.rel.got
 *(.rel.got)

.rela.got
 *(.rela.got)

.rel.bss
 *(.rel.bss)

.rela.bss
 *(.rela.bss)

.rel.plt
 *(.rel.plt)

.rela.plt
 *(.rela.plt)

.text           0x00000000     0x29b4
 *(.vectors)
 .vectors       0x00000000       0x68 c:/winavr-20100110/bin/../lib/gcc/avr/4.3.3/../../../../avr/lib/avr5/crtm168.o
                0x00000000                __vectors
                0x00000000                __vector_default
 *(.vectors)
 *(.progmem.gcc*)
 *(.progmem*)
 .progmem.data  0x00000068       0x5e C:\Users\thiago\uC\arduino_core\168P_8MHz\libarduino_core.a(wiring_digital.o)
                0x00000068                port_to_mode_PGM
                0x00000086                digital_pin_to_port_PGM
                0x0000009c                digital_pin_to_bit_mask_PGM
                0x00000072                port_to_output_PGM
                0x0000007c                port_to_input_PGM
                0x000000b2                digital_pin_to_timer_PGM
                0x000000c6                . = ALIGN (0x2)
                0x000000c6                __trampolines_start = .
 *(.trampolines)
 .trampolines   0x000000c6        0x0 linker stubs
 *(.trampolines*)
                0x000000c6                __trampolines_end = .
 *(.jumptables)
 *(.jumptables*)
 *(.lowtext)
 *(.lowtext*)
                0x000000c6                __ctors_start = .
 *(.ctors)
 .ctors         0x000000c6        0x2 ./main.o
                0x000000c8                __ctors_end = .
                0x000000c8                __dtors_start = .
 *(.dtors)
                0x000000c8                __dtors_end = .
 SORT(*)(.ctors)
 SORT(*)(.dtors)
 *(.init0)
 .init0         0x000000c8        0x0 c:/winavr-20100110/bin/../lib/gcc/avr/4.3.3/../../../../avr/lib/avr5/crtm168.o
                0x000000c8                __init
 *(.init0)
 *(.init1)
 *(.init1)
 *(.init2)
 .init2         0x000000c8        0xc c:/winavr-20100110/bin/../lib/gcc/avr/4.3.3/../../../../avr/lib/avr5/crtm168.o
 *(.init2)
 *(.init3)
 *(.init3)
 *(.init4)
 .init4         0x000000d4       0x16 c:/winavr-20100110/bin/../lib/gcc/avr/4.3.3/avr5\libgcc.a(_copy_data.o)
                0x000000d4                __do_copy_data
 .init4         0x000000ea       0x10 c:/winavr-20100110/bin/../lib/gcc/avr/4.3.3/avr5\libgcc.a(_clear_bss.o)
                0x000000ea                __do_clear_bss
 *(.init4)
 *(.init5)
 *(.init5)
 *(.init6)
 .init6         0x000000fa       0x16 c:/winavr-20100110/bin/../lib/gcc/avr/4.3.3/avr5\libgcc.a(_ctors.o)
                0x000000fa                __do_global_ctors
 *(.init6)
 *(.init7)
 *(.init7)
 *(.init8)
 *(.init8)
 *(.init9)
 .init9         0x00000110        0x8 c:/winavr-20100110/bin/../lib/gcc/avr/4.3.3/../../../../avr/lib/avr5/crtm168.o
 *(.init9)
 *(.text)
 .text          0x00000118        0x4 c:/winavr-20100110/bin/../lib/gcc/avr/4.3.3/../../../../avr/lib/avr5/crtm168.o
                0x00000118                __vector_22
                0x00000118                __vector_1
                0x00000118                __vector_24
                0x00000118                __vector_12
                0x00000118                __bad_interrupt
                0x00000118                __vector_6
                0x00000118                __vector_3
                0x00000118                __vector_23
                0x00000118                __vector_25
                0x00000118                __vector_11
                0x00000118                __vector_13
                0x00000118                __vector_17
                0x00000118                __vector_19
                0x00000118                __vector_5
                0x00000118                __vector_4
                0x00000118                __vector_9
                0x00000118                __vector_2
                0x00000118                __vector_21
                0x00000118                __vector_15
                0x00000118                __vector_14
                0x00000118                __vector_10
                0x00000118                __vector_18
                0x00000118                __vector_20
 .text          0x0000011c       0x58 c:/winavr-20100110/bin/../lib/gcc/avr/4.3.3/avr5\libgcc.a(_fixunssfsi.o)
                0x0000011c                __fixunssfsi
 .text          0x00000174      0x354 c:/winavr-20100110/bin/../lib/gcc/avr/4.3.3/avr5\libgcc.a(_addsub_sf.o)
                0x0000040c                __subsf3
                0x0000046e                __addsf3
 .text          0x000004c8      0x1f4 c:/winavr-20100110/bin/../lib/gcc/avr/4.3.3/avr5\libgcc.a(_mul_sf.o)
                0x000004c8                __mulsf3
 .text          0x000006bc      0x158 c:/winavr-20100110/bin/../lib/gcc/avr/4.3.3/avr5\libgcc.a(_div_sf.o)
                0x000006bc                __divsf3
 .text          0x00000814       0x60 c:/winavr-20100110/bin/../lib/gcc/avr/4.3.3/avr5\libgcc.a(_gt_sf.o)
                0x00000814                __gtsf2
 .text          0x00000874       0x60 c:/winavr-20100110/bin/../lib/gcc/avr/4.3.3/avr5\libgcc.a(_ge_sf.o)
                0x00000874                __gesf2
 .text          0x000008d4       0x60 c:/winavr-20100110/bin/../lib/gcc/avr/4.3.3/avr5\libgcc.a(_lt_sf.o)
                0x000008d4                __ltsf2
 .text          0x00000934       0x60 c:/winavr-20100110/bin/../lib/gcc/avr/4.3.3/avr5\libgcc.a(_le_sf.o)
                0x00000934                __lesf2
 .text          0x00000994       0x56 c:/winavr-20100110/bin/../lib/gcc/avr/4.3.3/avr5\libgcc.a(_unord_sf.o)
                0x00000994                __unordsf2
 .text          0x000009ea       0xbc c:/winavr-20100110/bin/../lib/gcc/avr/4.3.3/avr5\libgcc.a(_si_to_sf.o)
                0x000009ea                __floatsisf
 .text          0x00000aa6       0xa8 c:/winavr-20100110/bin/../lib/gcc/avr/4.3.3/avr5\libgcc.a(_sf_to_si.o)
                0x00000aa6                __fixsfsi
 .text          0x00000b4e       0xf2 c:/winavr-20100110/bin/../lib/gcc/avr/4.3.3/avr5\libgcc.a(_usi_to_sf.o)
                0x00000b4e                __floatunsisf
 .text          0x00000c40       0x9e c:/winavr-20100110/bin/../lib/gcc/avr/4.3.3/avr5\libgcc.a(_clzsi2.o)
                0x00000c40                __clzsi2
 .text          0x00000cde      0x1aa c:/winavr-20100110/bin/../lib/gcc/avr/4.3.3/avr5\libgcc.a(_pack_sf.o)
                0x00000cde                __pack_f
 .text          0x00000e88       0xf0 c:/winavr-20100110/bin/../lib/gcc/avr/4.3.3/avr5\libgcc.a(_unpack_sf.o)
                0x00000e88                __unpack_f
 .text          0x00000f78       0xb2 c:/winavr-20100110/bin/../lib/gcc/avr/4.3.3/avr5\libgcc.a(_fpcmp_parts_sf.o)
                0x00000f78                __fpcmp_parts_f
                0x0000102a                . = ALIGN (0x2)
 *(.text.*)
 .text._ZN13LiquidCrystal11pulseEnableEv
                0x0000102a       0x42 ./LiquidCrystal.o
                0x0000102a                LiquidCrystal::pulseEnable()
 .text._ZN13LiquidCrystal10write8bitsEh
                0x0000106c       0x6c ./LiquidCrystal.o
                0x0000106c                LiquidCrystal::write8bits(unsigned char)
 .text._ZN13LiquidCrystal10write4bitsEh
                0x000010d8       0x6c ./LiquidCrystal.o
                0x000010d8                LiquidCrystal::write4bits(unsigned char)
 .text._ZN13LiquidCrystal4sendEhh
                0x00001144       0x52 ./LiquidCrystal.o
                0x00001144                LiquidCrystal::send(unsigned char, unsigned char)
 .text._ZN13LiquidCrystal5writeEh
                0x00001196        0xc ./LiquidCrystal.o
                0x00001196                LiquidCrystal::write(unsigned char)
 .text._ZN13LiquidCrystal7commandEh
                0x000011a2        0x8 ./LiquidCrystal.o
                0x000011a2                LiquidCrystal::command(unsigned char)
 .text._ZN13LiquidCrystal7displayEv
                0x000011aa       0x14 ./LiquidCrystal.o
                0x000011aa                LiquidCrystal::display()
 .text._ZN13LiquidCrystal9setCursorEhh
                0x000011be       0x5e ./LiquidCrystal.o
                0x000011be                LiquidCrystal::setCursor(unsigned char, unsigned char)
 .text._ZN13LiquidCrystal5clearEv
                0x0000121c       0x10 ./LiquidCrystal.o
                0x0000121c                LiquidCrystal::clear()
 .text._ZN13LiquidCrystal5beginEhhh
                0x0000122c       0xde ./LiquidCrystal.o
                0x0000122c                LiquidCrystal::begin(unsigned char, unsigned char, unsigned char)
 .text._ZN13LiquidCrystal4initEhhhhhhhhhhhh
                0x0000130a       0x8e ./LiquidCrystal.o
                0x0000130a                LiquidCrystal::init(unsigned char, unsigned char, unsigned char, unsigned char, unsigned char, unsigned char, unsigned char, unsigned char, unsigned char, unsigned char, unsigned char, unsigned char)
 .text._ZN13LiquidCrystalC1Ehhhhhh
                0x00001398       0x72 ./LiquidCrystal.o
                0x00001398                LiquidCrystal::LiquidCrystal(unsigned char, unsigned char, unsigned char, unsigned char, unsigned char, unsigned char)
 .text._ZN3PID10SetTuningsEddd
                0x0000140a      0x198 ./PID_v1.o
                0x0000140a                PID::SetTunings(double, double, double)
 .text._ZN3PID15SetOutputLimitsEdd
                0x000015a2       0xf8 ./PID_v1.o
                0x000015a2                PID::SetOutputLimits(double, double)
 .text._ZN3PID10InitializeEv
                0x0000169a       0x8c ./PID_v1.o
                0x0000169a                PID::Initialize()
 .text._ZN3PID7SetModeEi
                0x00001726       0x2c ./PID_v1.o
                0x00001726                PID::SetMode(int)
 .text._ZN3PID22SetControllerDirectionEi
                0x00001752       0x7e ./PID_v1.o
                0x00001752                PID::SetControllerDirection(int)
 .text._ZN3PID7ComputeEv
                0x000017d0      0x23c ./PID_v1.o
                0x000017d0                PID::Compute()
 .text._ZN3PIDC1EPdS0_S0_dddi
                0x00001a0c       0xc0 ./PID_v1.o
                0x00001a0c                PID::PID(double*, double*, double*, double, double, double, int)
 .text._Z9pwm1_initv
                0x00001acc       0x32 ./main.o
                0x00001acc                pwm1_init()
 .text._Z9pwm1_stopv
                0x00001afe       0x22 ./main.o
                0x00001afe                pwm1_stop()
 .text._Z9pwm2_initv
                0x00001b20       0x1c ./main.o
                0x00001b20                pwm2_init()
 .text._Z9pwm2_stopv
                0x00001b3c       0x1c ./main.o
                0x00001b3c                pwm2_stop()
 .text._Z9read_keysv
                0x00001b58       0x58 ./main.o
                0x00001b58                read_keys()
 .text.__vector_8
                0x00001bb0       0x14 ./main.o
                0x00001bb0                __vector_8
 .text.__vector_7
                0x00001bc4       0x4c ./main.o
                0x00001bc4                __vector_7
 .text._GLOBAL__I_lcd
                0x00001c10       0xa4 ./main.o
 .text._Z10Thermistorv
                0x00001cb4       0x18 ./main.o
                0x00001cb4                Thermistor()
 .text._Z18VerifyPluggedLaserv
                0x00001ccc       0x8e ./main.o
                0x00001ccc                VerifyPluggedLaser()
 .text._Z2PDv   0x00001d5a       0x18 ./main.o
                0x00001d5a                PD()
 .text._Z9I_peltierv
                0x00001d72       0x4a ./main.o
                0x00001d72                I_peltier()
 .text._Z7I_laserv
                0x00001dbc       0x4a ./main.o
                0x00001dbc                I_laser()
 .text._Z7summaryv
                0x00001e06      0x13c ./main.o
                0x00001e06                summary()
 .text.main     0x00001f42      0x21e ./main.o
                0x00001f42                main
 .text._ZN5Print5writeEPKhj
                0x00002160       0x54 C:\Users\thiago\uC\arduino_core\168P_8MHz\libarduino_core.a(Print.o)
                0x00002160                Print::write(unsigned char const*, unsigned int)
 .text._ZN5Print5writeEPKc
                0x000021b4       0x38 C:\Users\thiago\uC\arduino_core\168P_8MHz\libarduino_core.a(Print.o)
                0x000021b4                Print::write(char const*)
 .text._ZN5Print11printNumberEmh
                0x000021ec       0xc8 C:\Users\thiago\uC\arduino_core\168P_8MHz\libarduino_core.a(Print.o)
                0x000021ec                Print::printNumber(unsigned long, unsigned char)
 .text._ZN5Print5printEmi
                0x000022b4       0x1e C:\Users\thiago\uC\arduino_core\168P_8MHz\libarduino_core.a(Print.o)
                0x000022b4                Print::print(unsigned long, int)
 .text._ZN5Print5printEli
                0x000022d2       0x80 C:\Users\thiago\uC\arduino_core\168P_8MHz\libarduino_core.a(Print.o)
                0x000022d2                Print::print(long, int)
 .text._ZN5Print5printEii
                0x00002352       0x26 C:\Users\thiago\uC\arduino_core\168P_8MHz\libarduino_core.a(Print.o)
                0x00002352                Print::print(int, int)
 .text._ZN5Print5printEPKc
                0x00002378        0x6 C:\Users\thiago\uC\arduino_core\168P_8MHz\libarduino_core.a(Print.o)
                0x00002378                Print::print(char const*)
 .text._ZN5Print10printFloatEdh
                0x0000237e      0x1c8 C:\Users\thiago\uC\arduino_core\168P_8MHz\libarduino_core.a(Print.o)
                0x0000237e                Print::printFloat(double, unsigned char)
 .text._ZN5Print5printEdi
                0x00002546        0x6 C:\Users\thiago\uC\arduino_core\168P_8MHz\libarduino_core.a(Print.o)
                0x00002546                Print::print(double, int)
 .text.__vector_16
                0x0000254c       0xa8 C:\Users\thiago\uC\arduino_core\168P_8MHz\libarduino_core.a(wiring.o)
                0x0000254c                __vector_16
 .text.millis   0x000025f4       0x1c C:\Users\thiago\uC\arduino_core\168P_8MHz\libarduino_core.a(wiring.o)
                0x000025f4                millis
 .text.micros   0x00002610       0x4c C:\Users\thiago\uC\arduino_core\168P_8MHz\libarduino_core.a(wiring.o)
                0x00002610                micros
 .text.delay    0x0000265c       0x4c C:\Users\thiago\uC\arduino_core\168P_8MHz\libarduino_core.a(wiring.o)
                0x0000265c                delay
 .text.delayMicroseconds
                0x000026a8       0x14 C:\Users\thiago\uC\arduino_core\168P_8MHz\libarduino_core.a(wiring.o)
                0x000026a8                delayMicroseconds
 .text.init     0x000026bc       0x76 C:\Users\thiago\uC\arduino_core\168P_8MHz\libarduino_core.a(wiring.o)
                0x000026bc                init
 .text.analogRead
                0x00002732       0x44 C:\Users\thiago\uC\arduino_core\168P_8MHz\libarduino_core.a(wiring_analog.o)
                0x00002732                analogRead
 .text.pinMode  0x00002776       0x7e C:\Users\thiago\uC\arduino_core\168P_8MHz\libarduino_core.a(wiring_digital.o)
                0x00002776                pinMode
 .text.turnOffPWM
                0x000027f4       0x5a C:\Users\thiago\uC\arduino_core\168P_8MHz\libarduino_core.a(wiring_digital.o)
 .text.digitalWrite
                0x0000284e       0x66 C:\Users\thiago\uC\arduino_core\168P_8MHz\libarduino_core.a(wiring_digital.o)
                0x0000284e                digitalWrite
 .text.libgcc   0x000028b4       0x3e c:/winavr-20100110/bin/../lib/gcc/avr/4.3.3/avr5\libgcc.a(_mulsi3.o)
                0x000028b4                __mulsi3
 .text.libgcc   0x000028f2       0x44 c:/winavr-20100110/bin/../lib/gcc/avr/4.3.3/avr5\libgcc.a(_udivmodsi4.o)
                0x000028f2                __udivmodsi4
 .text.libgcc   0x00002936       0x38 c:/winavr-20100110/bin/../lib/gcc/avr/4.3.3/avr5\libgcc.a(_prologue.o)
                0x00002936                __prologue_saves__
 .text.libgcc   0x0000296e       0x36 c:/winavr-20100110/bin/../lib/gcc/avr/4.3.3/avr5\libgcc.a(_epilogue.o)
                0x0000296e                __epilogue_restores__
 .text.libgcc   0x000029a4        0xc c:/winavr-20100110/bin/../lib/gcc/avr/4.3.3/avr5\libgcc.a(_tablejump.o)
                0x000029a8                __tablejump__
                0x000029a4                __tablejump2__
                0x000029b0                . = ALIGN (0x2)
 *(.fini9)
 .fini9         0x000029b0        0x0 c:/winavr-20100110/bin/../lib/gcc/avr/4.3.3/avr5\libgcc.a(_exit.o)
                0x000029b0                exit
                0x000029b0                _exit
 *(.fini9)
 *(.fini8)
 *(.fini8)
 *(.fini7)
 *(.fini7)
 *(.fini6)
 *(.fini6)
 *(.fini5)
 *(.fini5)
 *(.fini4)
 *(.fini4)
 *(.fini3)
 *(.fini3)
 *(.fini2)
 *(.fini2)
 *(.fini1)
 *(.fini1)
 *(.fini0)
 .fini0         0x000029b0        0x4 c:/winavr-20100110/bin/../lib/gcc/avr/4.3.3/avr5\libgcc.a(_exit.o)
 *(.fini0)
                0x000029b4                _etext = .

.data           0x00800100      0x18a load address 0x000029b4
                0x00800100                PROVIDE (__data_start, .)
 *(.data)
 .data          0x00800100       0x58 ./main.o
 .data          0x00800158        0xe C:\Users\thiago\uC\arduino_core\168P_8MHz\libarduino_core.a(Print.o)
 .data          0x00800166        0x8 c:/winavr-20100110/bin/../lib/gcc/avr/4.3.3/avr5\libgcc.a(_thenan_sf.o)
                0x00800166                __thenan_sf
 .data          0x0080016e      0x100 c:/winavr-20100110/bin/../lib/gcc/avr/4.3.3/avr5\libgcc.a(_clz.o)
                0x0080016e                __clz_tab
 *(.data*)
 .data.state    0x0080026e        0x2 ./main.o
                0x0080026e                state
 .data.consKp   0x00800270        0x4 ./main.o
                0x00800270                consKp
 .data.consKi   0x00800274        0x4 ./main.o
                0x00800274                consKi
 .data.analog_reference
                0x00800278        0x1 C:\Users\thiago\uC\arduino_core\168P_8MHz\libarduino_core.a(wiring_analog.o)
                0x00800278                analog_reference
 *(.rodata)
 *(.rodata*)
 .rodata._ZTV13LiquidCrystal
                0x00800279        0x8 ./LiquidCrystal.o
                0x00800279                vtable for LiquidCrystal
 .rodata._ZZN13LiquidCrystal9setCursorEhhE3C.3
                0x00800281        0x8 ./LiquidCrystal.o
 *(.gnu.linkonce.d*)
                0x0080028a                . = ALIGN (0x2)
 *fill*         0x00800289        0x1 00
                0x0080028a                _edata = .
                0x0080028a                PROVIDE (__data_end, .)

.bss            0x0080028a       0x7a
                0x0080028a                PROVIDE (__bss_start, .)
 *(.bss)
 *(.bss*)
 .bss.lcd       0x0080028a       0x15 ./main.o
                0x0080028a                lcd
 .bss.Il        0x0080029f        0x4 ./main.o
                0x0080029f                Il
 .bss.Ip        0x008002a3        0x4 ./main.o
                0x008002a3                Ip
 .bss.P         0x008002a7        0x4 ./main.o
                0x008002a7                P
 .bss.T         0x008002ab        0x4 ./main.o
                0x008002ab                T
 .bss.flag_01   0x008002af        0x1 ./main.o
                0x008002af                flag_01
 .bss.a         0x008002b0        0x2 ./main.o
                0x008002b0                a
 .bss.Setpoint  0x008002b2        0x4 ./main.o
                0x008002b2                Setpoint
 .bss.Input     0x008002b6        0x4 ./main.o
                0x008002b6                Input
 .bss.Output    0x008002ba        0x4 ./main.o
                0x008002ba                Output
 .bss.consKd    0x008002be        0x4 ./main.o
                0x008002be                consKd
 .bss.ThermistorPID
                0x008002c2       0x39 ./main.o
                0x008002c2                ThermistorPID
 .bss.timer0_overflow_count
                0x008002fb        0x4 C:\Users\thiago\uC\arduino_core\168P_8MHz\libarduino_core.a(wiring.o)
                0x008002fb                timer0_overflow_count
 .bss.timer0_millis
                0x008002ff        0x4 C:\Users\thiago\uC\arduino_core\168P_8MHz\libarduino_core.a(wiring.o)
                0x008002ff                timer0_millis
 .bss.timer0_fract
                0x00800303        0x1 C:\Users\thiago\uC\arduino_core\168P_8MHz\libarduino_core.a(wiring.o)
 *(COMMON)
                0x00800304                PROVIDE (__bss_end, .)
                0x000029b4                __data_load_start = LOADADDR (.data)
                0x00002b3e                __data_load_end = (__data_load_start + SIZEOF (.data))

.noinit         0x00800304        0x0
                0x00800304                PROVIDE (__noinit_start, .)
 *(.noinit*)
                0x00800304                PROVIDE (__noinit_end, .)
                0x00800304                _end = .
                0x00800304                PROVIDE (__heap_start, .)

.eeprom         0x00810000        0x0
 *(.eeprom*)
                0x00810000                __eeprom_end = .

.fuse
 *(.fuse)
 *(.lfuse)
 *(.hfuse)
 *(.efuse)

.lock
 *(.lock*)

.signature
 *(.signature*)

.stab           0x00000000     0x4320
 *(.stab)
 .stab          0x00000000      0xc78 ./LiquidCrystal.o
                               0x16c8 (size before relaxing)
 .stab          0x00000c78      0x918 ./PID_v1.o
                                0xc3c (size before relaxing)
 .stab          0x00001590      0xd74 ./main.o
                                0xf3c (size before relaxing)
 .stab          0x00002304      0x948 C:\Users\thiago\uC\arduino_core\168P_8MHz\libarduino_core.a(Print.o)
                               0x1020 (size before relaxing)
 .stab          0x00002c4c      0x3fc C:\Users\thiago\uC\arduino_core\168P_8MHz\libarduino_core.a(WString.o)
                               0x2214 (size before relaxing)
 .stab          0x00003048      0x1c8 C:\Users\thiago\uC\arduino_core\168P_8MHz\libarduino_core.a(new.o)
                                0x300 (size before relaxing)
 .stab          0x00003210      0x954 C:\Users\thiago\uC\arduino_core\168P_8MHz\libarduino_core.a(wiring.o)
                                0x960 (size before relaxing)
 .stab          0x00003b64      0x210 C:\Users\thiago\uC\arduino_core\168P_8MHz\libarduino_core.a(wiring_analog.o)
                                0x78c (size before relaxing)
 .stab          0x00003d74      0x5ac C:\Users\thiago\uC\arduino_core\168P_8MHz\libarduino_core.a(wiring_digital.o)
                                0xaf8 (size before relaxing)

.stabstr        0x00000000     0x48f6
 *(.stabstr)
 .stabstr       0x00000000     0x48f6 ./LiquidCrystal.o

.stab.excl
 *(.stab.excl)

.stab.exclstr
 *(.stab.exclstr)

.stab.index
 *(.stab.index)

.stab.indexstr
 *(.stab.indexstr)

.comment
 *(.comment)

.debug
 *(.debug)

.line
 *(.line)

.debug_srcinfo
 *(.debug_srcinfo)

.debug_sfnames
 *(.debug_sfnames)

.debug_aranges  0x00000000      0x200
 *(.debug_aranges)
 .debug_aranges
                0x00000000       0x20 c:/winavr-20100110/bin/../lib/gcc/avr/4.3.3/avr5\libgcc.a(_fixunssfsi.o)
 .debug_aranges
                0x00000020       0x20 c:/winavr-20100110/bin/../lib/gcc/avr/4.3.3/avr5\libgcc.a(_addsub_sf.o)
 .debug_aranges
                0x00000040       0x20 c:/winavr-20100110/bin/../lib/gcc/avr/4.3.3/avr5\libgcc.a(_mul_sf.o)
 .debug_aranges
                0x00000060       0x20 c:/winavr-20100110/bin/../lib/gcc/avr/4.3.3/avr5\libgcc.a(_div_sf.o)
 .debug_aranges
                0x00000080       0x20 c:/winavr-20100110/bin/../lib/gcc/avr/4.3.3/avr5\libgcc.a(_gt_sf.o)
 .debug_aranges
                0x000000a0       0x20 c:/winavr-20100110/bin/../lib/gcc/avr/4.3.3/avr5\libgcc.a(_ge_sf.o)
 .debug_aranges
                0x000000c0       0x20 c:/winavr-20100110/bin/../lib/gcc/avr/4.3.3/avr5\libgcc.a(_lt_sf.o)
 .debug_aranges
                0x000000e0       0x20 c:/winavr-20100110/bin/../lib/gcc/avr/4.3.3/avr5\libgcc.a(_le_sf.o)
 .debug_aranges
                0x00000100       0x20 c:/winavr-20100110/bin/../lib/gcc/avr/4.3.3/avr5\libgcc.a(_unord_sf.o)
 .debug_aranges
                0x00000120       0x20 c:/winavr-20100110/bin/../lib/gcc/avr/4.3.3/avr5\libgcc.a(_si_to_sf.o)
 .debug_aranges
                0x00000140       0x20 c:/winavr-20100110/bin/../lib/gcc/avr/4.3.3/avr5\libgcc.a(_sf_to_si.o)
 .debug_aranges
                0x00000160       0x20 c:/winavr-20100110/bin/../lib/gcc/avr/4.3.3/avr5\libgcc.a(_usi_to_sf.o)
 .debug_aranges
                0x00000180       0x20 c:/winavr-20100110/bin/../lib/gcc/avr/4.3.3/avr5\libgcc.a(_clzsi2.o)
 .debug_aranges
                0x000001a0       0x20 c:/winavr-20100110/bin/../lib/gcc/avr/4.3.3/avr5\libgcc.a(_pack_sf.o)
 .debug_aranges
                0x000001c0       0x20 c:/winavr-20100110/bin/../lib/gcc/avr/4.3.3/avr5\libgcc.a(_unpack_sf.o)
 .debug_aranges
                0x000001e0       0x20 c:/winavr-20100110/bin/../lib/gcc/avr/4.3.3/avr5\libgcc.a(_fpcmp_parts_sf.o)

.debug_pubnames
                0x00000000      0x253
 *(.debug_pubnames)
 .debug_pubnames
                0x00000000       0x23 c:/winavr-20100110/bin/../lib/gcc/avr/4.3.3/avr5\libgcc.a(_fixunssfsi.o)
 .debug_pubnames
                0x00000023       0x2c c:/winavr-20100110/bin/../lib/gcc/avr/4.3.3/avr5\libgcc.a(_addsub_sf.o)
 .debug_pubnames
                0x0000004f       0x1f c:/winavr-20100110/bin/../lib/gcc/avr/4.3.3/avr5\libgcc.a(_mul_sf.o)
 .debug_pubnames
                0x0000006e       0x1f c:/winavr-20100110/bin/../lib/gcc/avr/4.3.3/avr5\libgcc.a(_div_sf.o)
 .debug_pubnames
                0x0000008d       0x1e c:/winavr-20100110/bin/../lib/gcc/avr/4.3.3/avr5\libgcc.a(_gt_sf.o)
 .debug_pubnames
                0x000000ab       0x1e c:/winavr-20100110/bin/../lib/gcc/avr/4.3.3/avr5\libgcc.a(_ge_sf.o)
 .debug_pubnames
                0x000000c9       0x1e c:/winavr-20100110/bin/../lib/gcc/avr/4.3.3/avr5\libgcc.a(_lt_sf.o)
 .debug_pubnames
                0x000000e7       0x1e c:/winavr-20100110/bin/../lib/gcc/avr/4.3.3/avr5\libgcc.a(_le_sf.o)
 .debug_pubnames
                0x00000105       0x21 c:/winavr-20100110/bin/../lib/gcc/avr/4.3.3/avr5\libgcc.a(_unord_sf.o)
 .debug_pubnames
                0x00000126       0x22 c:/winavr-20100110/bin/../lib/gcc/avr/4.3.3/avr5\libgcc.a(_si_to_sf.o)
 .debug_pubnames
                0x00000148       0x20 c:/winavr-20100110/bin/../lib/gcc/avr/4.3.3/avr5\libgcc.a(_sf_to_si.o)
 .debug_pubnames
                0x00000168       0x22 c:/winavr-20100110/bin/../lib/gcc/avr/4.3.3/avr5\libgcc.a(_thenan_sf.o)
 .debug_pubnames
                0x0000018a       0x24 c:/winavr-20100110/bin/../lib/gcc/avr/4.3.3/avr5\libgcc.a(_usi_to_sf.o)
 .debug_pubnames
                0x000001ae       0x1f c:/winavr-20100110/bin/../lib/gcc/avr/4.3.3/avr5\libgcc.a(_clzsi2.o)
 .debug_pubnames
                0x000001cd       0x1f c:/winavr-20100110/bin/../lib/gcc/avr/4.3.3/avr5\libgcc.a(_pack_sf.o)
 .debug_pubnames
                0x000001ec       0x21 c:/winavr-20100110/bin/../lib/gcc/avr/4.3.3/avr5\libgcc.a(_unpack_sf.o)
 .debug_pubnames
                0x0000020d       0x26 c:/winavr-20100110/bin/../lib/gcc/avr/4.3.3/avr5\libgcc.a(_fpcmp_parts_sf.o)
 .debug_pubnames
                0x00000233       0x20 c:/winavr-20100110/bin/../lib/gcc/avr/4.3.3/avr5\libgcc.a(_clz.o)

.debug_info     0x00000000     0x2b10
 *(.debug_info)
 .debug_info    0x00000000       0xb1 c:/winavr-20100110/bin/../lib/gcc/avr/4.3.3/avr5\libgcc.a(_fixunssfsi.o)
 .debug_info    0x000000b1      0x47a c:/winavr-20100110/bin/../lib/gcc/avr/4.3.3/avr5\libgcc.a(_addsub_sf.o)
 .debug_info    0x0000052b      0x485 c:/winavr-20100110/bin/../lib/gcc/avr/4.3.3/avr5\libgcc.a(_mul_sf.o)
 .debug_info    0x000009b0      0x3fc c:/winavr-20100110/bin/../lib/gcc/avr/4.3.3/avr5\libgcc.a(_div_sf.o)
 .debug_info    0x00000dac      0x27f c:/winavr-20100110/bin/../lib/gcc/avr/4.3.3/avr5\libgcc.a(_gt_sf.o)
 .debug_info    0x0000102b      0x27f c:/winavr-20100110/bin/../lib/gcc/avr/4.3.3/avr5\libgcc.a(_ge_sf.o)
 .debug_info    0x000012aa      0x27f c:/winavr-20100110/bin/../lib/gcc/avr/4.3.3/avr5\libgcc.a(_lt_sf.o)
 .debug_info    0x00001529      0x27f c:/winavr-20100110/bin/../lib/gcc/avr/4.3.3/avr5\libgcc.a(_le_sf.o)
 .debug_info    0x000017a8      0x27f c:/winavr-20100110/bin/../lib/gcc/avr/4.3.3/avr5\libgcc.a(_unord_sf.o)
 .debug_info    0x00001a27      0x207 c:/winavr-20100110/bin/../lib/gcc/avr/4.3.3/avr5\libgcc.a(_si_to_sf.o)
 .debug_info    0x00001c2e      0x2b0 c:/winavr-20100110/bin/../lib/gcc/avr/4.3.3/avr5\libgcc.a(_sf_to_si.o)
 .debug_info    0x00001ede      0x12c c:/winavr-20100110/bin/../lib/gcc/avr/4.3.3/avr5\libgcc.a(_thenan_sf.o)
 .debug_info    0x0000200a      0x206 c:/winavr-20100110/bin/../lib/gcc/avr/4.3.3/avr5\libgcc.a(_usi_to_sf.o)
 .debug_info    0x00002210      0x117 c:/winavr-20100110/bin/../lib/gcc/avr/4.3.3/avr5\libgcc.a(_clzsi2.o)
 .debug_info    0x00002327      0x2df c:/winavr-20100110/bin/../lib/gcc/avr/4.3.3/avr5\libgcc.a(_pack_sf.o)
 .debug_info    0x00002606      0x251 c:/winavr-20100110/bin/../lib/gcc/avr/4.3.3/avr5\libgcc.a(_unpack_sf.o)
 .debug_info    0x00002857      0x210 c:/winavr-20100110/bin/../lib/gcc/avr/4.3.3/avr5\libgcc.a(_fpcmp_parts_sf.o)
 .debug_info    0x00002a67       0xa9 c:/winavr-20100110/bin/../lib/gcc/avr/4.3.3/avr5\libgcc.a(_clz.o)
 *(.gnu.linkonce.wi.*)

.debug_abbrev   0x00000000     0x1782
 *(.debug_abbrev)
 .debug_abbrev  0x00000000       0x5d c:/winavr-20100110/bin/../lib/gcc/avr/4.3.3/avr5\libgcc.a(_fixunssfsi.o)
 .debug_abbrev  0x0000005d      0x1ea c:/winavr-20100110/bin/../lib/gcc/avr/4.3.3/avr5\libgcc.a(_addsub_sf.o)
 .debug_abbrev  0x00000247      0x21b c:/winavr-20100110/bin/../lib/gcc/avr/4.3.3/avr5\libgcc.a(_mul_sf.o)
 .debug_abbrev  0x00000462      0x216 c:/winavr-20100110/bin/../lib/gcc/avr/4.3.3/avr5\libgcc.a(_div_sf.o)
 .debug_abbrev  0x00000678      0x15a c:/winavr-20100110/bin/../lib/gcc/avr/4.3.3/avr5\libgcc.a(_gt_sf.o)
 .debug_abbrev  0x000007d2      0x15a c:/winavr-20100110/bin/../lib/gcc/avr/4.3.3/avr5\libgcc.a(_ge_sf.o)
 .debug_abbrev  0x0000092c      0x15a c:/winavr-20100110/bin/../lib/gcc/avr/4.3.3/avr5\libgcc.a(_lt_sf.o)
 .debug_abbrev  0x00000a86      0x15a c:/winavr-20100110/bin/../lib/gcc/avr/4.3.3/avr5\libgcc.a(_le_sf.o)
 .debug_abbrev  0x00000be0      0x15a c:/winavr-20100110/bin/../lib/gcc/avr/4.3.3/avr5\libgcc.a(_unord_sf.o)
 .debug_abbrev  0x00000d3a      0x148 c:/winavr-20100110/bin/../lib/gcc/avr/4.3.3/avr5\libgcc.a(_si_to_sf.o)
 .debug_abbrev  0x00000e82      0x17f c:/winavr-20100110/bin/../lib/gcc/avr/4.3.3/avr5\libgcc.a(_sf_to_si.o)
 .debug_abbrev  0x00001001       0xad c:/winavr-20100110/bin/../lib/gcc/avr/4.3.3/avr5\libgcc.a(_thenan_sf.o)
 .debug_abbrev  0x000010ae      0x157 c:/winavr-20100110/bin/../lib/gcc/avr/4.3.3/avr5\libgcc.a(_usi_to_sf.o)
 .debug_abbrev  0x00001205       0xc4 c:/winavr-20100110/bin/../lib/gcc/avr/4.3.3/avr5\libgcc.a(_clzsi2.o)
 .debug_abbrev  0x000012c9      0x1c0 c:/winavr-20100110/bin/../lib/gcc/avr/4.3.3/avr5\libgcc.a(_pack_sf.o)
 .debug_abbrev  0x00001489      0x154 c:/winavr-20100110/bin/../lib/gcc/avr/4.3.3/avr5\libgcc.a(_unpack_sf.o)
 .debug_abbrev  0x000015dd      0x13b c:/winavr-20100110/bin/../lib/gcc/avr/4.3.3/avr5\libgcc.a(_fpcmp_parts_sf.o)
 .debug_abbrev  0x00001718       0x6a c:/winavr-20100110/bin/../lib/gcc/avr/4.3.3/avr5\libgcc.a(_clz.o)

.debug_line     0x00000000     0x14a9
 *(.debug_line)
 .debug_line    0x00000000       0xa7 c:/winavr-20100110/bin/../lib/gcc/avr/4.3.3/avr5\libgcc.a(_fixunssfsi.o)
 .debug_line    0x000000a7      0x2af c:/winavr-20100110/bin/../lib/gcc/avr/4.3.3/avr5\libgcc.a(_addsub_sf.o)
 .debug_line    0x00000356      0x239 c:/winavr-20100110/bin/../lib/gcc/avr/4.3.3/avr5\libgcc.a(_mul_sf.o)
 .debug_line    0x0000058f      0x1d5 c:/winavr-20100110/bin/../lib/gcc/avr/4.3.3/avr5\libgcc.a(_div_sf.o)
 .debug_line    0x00000764       0xd3 c:/winavr-20100110/bin/../lib/gcc/avr/4.3.3/avr5\libgcc.a(_gt_sf.o)
 .debug_line    0x00000837       0xd3 c:/winavr-20100110/bin/../lib/gcc/avr/4.3.3/avr5\libgcc.a(_ge_sf.o)
 .debug_line    0x0000090a       0xd3 c:/winavr-20100110/bin/../lib/gcc/avr/4.3.3/avr5\libgcc.a(_lt_sf.o)
 .debug_line    0x000009dd       0xd3 c:/winavr-20100110/bin/../lib/gcc/avr/4.3.3/avr5\libgcc.a(_le_sf.o)
 .debug_line    0x00000ab0       0xcb c:/winavr-20100110/bin/../lib/gcc/avr/4.3.3/avr5\libgcc.a(_unord_sf.o)
 .debug_line    0x00000b7b      0x135 c:/winavr-20100110/bin/../lib/gcc/avr/4.3.3/avr5\libgcc.a(_si_to_sf.o)
 .debug_line    0x00000cb0      0x109 c:/winavr-20100110/bin/../lib/gcc/avr/4.3.3/avr5\libgcc.a(_sf_to_si.o)
 .debug_line    0x00000db9       0x90 c:/winavr-20100110/bin/../lib/gcc/avr/4.3.3/avr5\libgcc.a(_thenan_sf.o)
 .debug_line    0x00000e49      0x133 c:/winavr-20100110/bin/../lib/gcc/avr/4.3.3/avr5\libgcc.a(_usi_to_sf.o)
 .debug_line    0x00000f7c       0xa5 c:/winavr-20100110/bin/../lib/gcc/avr/4.3.3/avr5\libgcc.a(_clzsi2.o)
 .debug_line    0x00001021      0x18a c:/winavr-20100110/bin/../lib/gcc/avr/4.3.3/avr5\libgcc.a(_pack_sf.o)
 .debug_line    0x000011ab      0x14b c:/winavr-20100110/bin/../lib/gcc/avr/4.3.3/avr5\libgcc.a(_unpack_sf.o)
 .debug_line    0x000012f6      0x137 c:/winavr-20100110/bin/../lib/gcc/avr/4.3.3/avr5\libgcc.a(_fpcmp_parts_sf.o)
 .debug_line    0x0000142d       0x7c c:/winavr-20100110/bin/../lib/gcc/avr/4.3.3/avr5\libgcc.a(_clz.o)

.debug_frame    0x00000000      0x220
 *(.debug_frame)
 .debug_frame   0x00000000       0x20 c:/winavr-20100110/bin/../lib/gcc/avr/4.3.3/avr5\libgcc.a(_fixunssfsi.o)
 .debug_frame   0x00000020       0x40 c:/winavr-20100110/bin/../lib/gcc/avr/4.3.3/avr5\libgcc.a(_addsub_sf.o)
 .debug_frame   0x00000060       0x20 c:/winavr-20100110/bin/../lib/gcc/avr/4.3.3/avr5\libgcc.a(_mul_sf.o)
 .debug_frame   0x00000080       0x20 c:/winavr-20100110/bin/../lib/gcc/avr/4.3.3/avr5\libgcc.a(_div_sf.o)
 .debug_frame   0x000000a0       0x20 c:/winavr-20100110/bin/../lib/gcc/avr/4.3.3/avr5\libgcc.a(_gt_sf.o)
 .debug_frame   0x000000c0       0x20 c:/winavr-20100110/bin/../lib/gcc/avr/4.3.3/avr5\libgcc.a(_ge_sf.o)
 .debug_frame   0x000000e0       0x20 c:/winavr-20100110/bin/../lib/gcc/avr/4.3.3/avr5\libgcc.a(_lt_sf.o)
 .debug_frame   0x00000100       0x20 c:/winavr-20100110/bin/../lib/gcc/avr/4.3.3/avr5\libgcc.a(_le_sf.o)
 .debug_frame   0x00000120       0x20 c:/winavr-20100110/bin/../lib/gcc/avr/4.3.3/avr5\libgcc.a(_unord_sf.o)
 .debug_frame   0x00000140       0x20 c:/winavr-20100110/bin/../lib/gcc/avr/4.3.3/avr5\libgcc.a(_si_to_sf.o)
 .debug_frame   0x00000160       0x20 c:/winavr-20100110/bin/../lib/gcc/avr/4.3.3/avr5\libgcc.a(_sf_to_si.o)
 .debug_frame   0x00000180       0x20 c:/winavr-20100110/bin/../lib/gcc/avr/4.3.3/avr5\libgcc.a(_usi_to_sf.o)
 .debug_frame   0x000001a0       0x20 c:/winavr-20100110/bin/../lib/gcc/avr/4.3.3/avr5\libgcc.a(_clzsi2.o)
 .debug_frame   0x000001c0       0x20 c:/winavr-20100110/bin/../lib/gcc/avr/4.3.3/avr5\libgcc.a(_pack_sf.o)
 .debug_frame   0x000001e0       0x20 c:/winavr-20100110/bin/../lib/gcc/avr/4.3.3/avr5\libgcc.a(_unpack_sf.o)
 .debug_frame   0x00000200       0x20 c:/winavr-20100110/bin/../lib/gcc/avr/4.3.3/avr5\libgcc.a(_fpcmp_parts_sf.o)

.debug_str      0x00000000      0x31a
 *(.debug_str)
 .debug_str     0x00000000       0xbf c:/winavr-20100110/bin/../lib/gcc/avr/4.3.3/avr5\libgcc.a(_fixunssfsi.o)
                                 0xfe (size before relaxing)
 .debug_str     0x000000bf      0x14d c:/winavr-20100110/bin/../lib/gcc/avr/4.3.3/avr5\libgcc.a(_addsub_sf.o)
                                0x206 (size before relaxing)
 .debug_str     0x0000020c       0x27 c:/winavr-20100110/bin/../lib/gcc/avr/4.3.3/avr5\libgcc.a(_mul_sf.o)
                                0x1bf (size before relaxing)
 .debug_str     0x00000233       0x35 c:/winavr-20100110/bin/../lib/gcc/avr/4.3.3/avr5\libgcc.a(_div_sf.o)
                                0x1c8 (size before relaxing)
 .debug_str     0x00000268        0x8 c:/winavr-20100110/bin/../lib/gcc/avr/4.3.3/avr5\libgcc.a(_gt_sf.o)
                                0x195 (size before relaxing)
 .debug_str     0x00000270        0x8 c:/winavr-20100110/bin/../lib/gcc/avr/4.3.3/avr5\libgcc.a(_ge_sf.o)
                                0x195 (size before relaxing)
 .debug_str     0x00000278        0x8 c:/winavr-20100110/bin/../lib/gcc/avr/4.3.3/avr5\libgcc.a(_lt_sf.o)
                                0x195 (size before relaxing)
 .debug_str     0x00000280        0x8 c:/winavr-20100110/bin/../lib/gcc/avr/4.3.3/avr5\libgcc.a(_le_sf.o)
                                0x195 (size before relaxing)
 .debug_str     0x00000288        0xb c:/winavr-20100110/bin/../lib/gcc/avr/4.3.3/avr5\libgcc.a(_unord_sf.o)
                                0x198 (size before relaxing)
 .debug_str     0x00000293       0x1e c:/winavr-20100110/bin/../lib/gcc/avr/4.3.3/avr5\libgcc.a(_si_to_sf.o)
                                0x17b (size before relaxing)
 .debug_str     0x000002b1        0xa c:/winavr-20100110/bin/../lib/gcc/avr/4.3.3/avr5\libgcc.a(_sf_to_si.o)
                                0x19e (size before relaxing)
 .debug_str     0x00000000      0x103 c:/winavr-20100110/bin/../lib/gcc/avr/4.3.3/avr5\libgcc.a(_thenan_sf.o)
 .debug_str     0x000002bb       0x14 c:/winavr-20100110/bin/../lib/gcc/avr/4.3.3/avr5\libgcc.a(_usi_to_sf.o)
                                0x177 (size before relaxing)
 .debug_str     0x000002cf       0x20 c:/winavr-20100110/bin/../lib/gcc/avr/4.3.3/avr5\libgcc.a(_clzsi2.o)
                                0x111 (size before relaxing)
 .debug_str     0x000002ef       0x10 c:/winavr-20100110/bin/../lib/gcc/avr/4.3.3/avr5\libgcc.a(_pack_sf.o)
                                0x19d (size before relaxing)
 .debug_str     0x000002ff        0xb c:/winavr-20100110/bin/../lib/gcc/avr/4.3.3/avr5\libgcc.a(_unpack_sf.o)
                                0x17f (size before relaxing)
 .debug_str     0x0000030a       0x10 c:/winavr-20100110/bin/../lib/gcc/avr/4.3.3/avr5\libgcc.a(_fpcmp_parts_sf.o)
                                0x163 (size before relaxing)
 .debug_str     0x00000000       0xf4 c:/winavr-20100110/bin/../lib/gcc/avr/4.3.3/avr5\libgcc.a(_clz.o)

.debug_loc      0x00000000      0xa92
 *(.debug_loc)
 .debug_loc     0x00000000       0x34 c:/winavr-20100110/bin/../lib/gcc/avr/4.3.3/avr5\libgcc.a(_fixunssfsi.o)
 .debug_loc     0x00000034      0x32a c:/winavr-20100110/bin/../lib/gcc/avr/4.3.3/avr5\libgcc.a(_addsub_sf.o)
 .debug_loc     0x0000035e      0x104 c:/winavr-20100110/bin/../lib/gcc/avr/4.3.3/avr5\libgcc.a(_mul_sf.o)
 .debug_loc     0x00000462       0xc0 c:/winavr-20100110/bin/../lib/gcc/avr/4.3.3/avr5\libgcc.a(_div_sf.o)
 .debug_loc     0x00000522       0x3c c:/winavr-20100110/bin/../lib/gcc/avr/4.3.3/avr5\libgcc.a(_gt_sf.o)
 .debug_loc     0x0000055e       0x3c c:/winavr-20100110/bin/../lib/gcc/avr/4.3.3/avr5\libgcc.a(_ge_sf.o)
 .debug_loc     0x0000059a       0x3c c:/winavr-20100110/bin/../lib/gcc/avr/4.3.3/avr5\libgcc.a(_lt_sf.o)
 .debug_loc     0x000005d6       0x3c c:/winavr-20100110/bin/../lib/gcc/avr/4.3.3/avr5\libgcc.a(_le_sf.o)
 .debug_loc     0x00000612       0x3c c:/winavr-20100110/bin/../lib/gcc/avr/4.3.3/avr5\libgcc.a(_unord_sf.o)
 .debug_loc     0x0000064e       0xac c:/winavr-20100110/bin/../lib/gcc/avr/4.3.3/avr5\libgcc.a(_si_to_sf.o)
 .debug_loc     0x000006fa       0x7e c:/winavr-20100110/bin/../lib/gcc/avr/4.3.3/avr5\libgcc.a(_sf_to_si.o)
 .debug_loc     0x00000778       0x4c c:/winavr-20100110/bin/../lib/gcc/avr/4.3.3/avr5\libgcc.a(_usi_to_sf.o)
 .debug_loc     0x000007c4       0x94 c:/winavr-20100110/bin/../lib/gcc/avr/4.3.3/avr5\libgcc.a(_clzsi2.o)
 .debug_loc     0x00000858      0x13e c:/winavr-20100110/bin/../lib/gcc/avr/4.3.3/avr5\libgcc.a(_pack_sf.o)
 .debug_loc     0x00000996       0xac c:/winavr-20100110/bin/../lib/gcc/avr/4.3.3/avr5\libgcc.a(_unpack_sf.o)
 .debug_loc     0x00000a42       0x50 c:/winavr-20100110/bin/../lib/gcc/avr/4.3.3/avr5\libgcc.a(_fpcmp_parts_sf.o)

.debug_macinfo
 *(.debug_macinfo)
OUTPUT(Laser.elf elf32-avr)
LOAD linker stubs

.debug_ranges   0x00000000       0x50
 .debug_ranges  0x00000000       0x50 c:/winavr-20100110/bin/../lib/gcc/avr/4.3.3/avr5\libgcc.a(_mul_sf.o)

Cross Reference Table

Symbol                                            File
I_laser()                                         ./main.o
I_peltier()                                       ./main.o
Il                                                ./main.o
Input                                             ./main.o
Ip                                                ./main.o
LiquidCrystal::LiquidCrystal(unsigned char, unsigned char, unsigned char, unsigned char, unsigned char, unsigned char) ./LiquidCrystal.o
LiquidCrystal::LiquidCrystal(unsigned char, unsigned char, unsigned char, unsigned char, unsigned char, unsigned char) ./LiquidCrystal.o
                                                  ./main.o
LiquidCrystal::LiquidCrystal(unsigned char, unsigned char, unsigned char, unsigned char, unsigned char, unsigned char, unsigned char) ./LiquidCrystal.o
LiquidCrystal::LiquidCrystal(unsigned char, unsigned char, unsigned char, unsigned char, unsigned char, unsigned char, unsigned char) ./LiquidCrystal.o
LiquidCrystal::LiquidCrystal(unsigned char, unsigned char, unsigned char, unsigned char, unsigned char, unsigned char, unsigned char, unsigned char, unsigned char, unsigned char) ./LiquidCrystal.o
LiquidCrystal::LiquidCrystal(unsigned char, unsigned char, unsigned char, unsigned char, unsigned char, unsigned char, unsigned char, unsigned char, unsigned char, unsigned char) ./LiquidCrystal.o
LiquidCrystal::LiquidCrystal(unsigned char, unsigned char, unsigned char, unsigned char, unsigned char, unsigned char, unsigned char, unsigned char, unsigned char, unsigned char, unsigned char) ./LiquidCrystal.o
LiquidCrystal::LiquidCrystal(unsigned char, unsigned char, unsigned char, unsigned char, unsigned char, unsigned char, unsigned char, unsigned char, unsigned char, unsigned char, unsigned char) ./LiquidCrystal.o
LiquidCrystal::autoscroll()                       ./LiquidCrystal.o
LiquidCrystal::begin(unsigned char, unsigned char, unsigned char) ./LiquidCrystal.o
                                                  ./main.o
LiquidCrystal::blink()                            ./LiquidCrystal.o
LiquidCrystal::clear()                            ./LiquidCrystal.o
                                                  ./main.o
LiquidCrystal::command(unsigned char)             ./LiquidCrystal.o
LiquidCrystal::createChar(unsigned char, unsigned char*) ./LiquidCrystal.o
LiquidCrystal::cursor()                           ./LiquidCrystal.o
LiquidCrystal::display()                          ./LiquidCrystal.o
LiquidCrystal::home()                             ./LiquidCrystal.o
LiquidCrystal::init(unsigned char, unsigned char, unsigned char, unsigned char, unsigned char, unsigned char, unsigned char, unsigned char, unsigned char, unsigned char, unsigned char, unsigned char) ./LiquidCrystal.o
LiquidCrystal::leftToRight()                      ./LiquidCrystal.o
LiquidCrystal::noAutoscroll()                     ./LiquidCrystal.o
LiquidCrystal::noBlink()                          ./LiquidCrystal.o
LiquidCrystal::noCursor()                         ./LiquidCrystal.o
LiquidCrystal::noDisplay()                        ./LiquidCrystal.o
LiquidCrystal::pulseEnable()                      ./LiquidCrystal.o
LiquidCrystal::rightToLeft()                      ./LiquidCrystal.o
LiquidCrystal::scrollDisplayLeft()                ./LiquidCrystal.o
LiquidCrystal::scrollDisplayRight()               ./LiquidCrystal.o
LiquidCrystal::send(unsigned char, unsigned char) ./LiquidCrystal.o
LiquidCrystal::setCursor(unsigned char, unsigned char) ./LiquidCrystal.o
                                                  ./main.o
LiquidCrystal::write(unsigned char)               ./LiquidCrystal.o
LiquidCrystal::write4bits(unsigned char)          ./LiquidCrystal.o
LiquidCrystal::write8bits(unsigned char)          ./LiquidCrystal.o
Output                                            ./main.o
P                                                 ./main.o
PD()                                              ./main.o
PID::Compute()                                    ./PID_v1.o
                                                  ./main.o
PID::GetDirection()                               ./PID_v1.o
PID::GetKd()                                      ./PID_v1.o
PID::GetKi()                                      ./PID_v1.o
PID::GetKp()                                      ./PID_v1.o
PID::GetMode()                                    ./PID_v1.o
PID::Initialize()                                 ./PID_v1.o
PID::PID(double*, double*, double*, double, double, double, int) ./PID_v1.o
PID::PID(double*, double*, double*, double, double, double, int) ./PID_v1.o
                                                  ./main.o
PID::SetControllerDirection(int)                  ./PID_v1.o
PID::SetMode(int)                                 ./PID_v1.o
                                                  ./main.o
PID::SetOutputLimits(double, double)              ./PID_v1.o
PID::SetSampleTime(int)                           ./PID_v1.o
PID::SetTunings(double, double, double)           ./PID_v1.o
Print::print(Printable const&)                    C:\Users\thiago\uC\arduino_core\168P_8MHz\libarduino_core.a(Print.o)
Print::print(String const&)                       C:\Users\thiago\uC\arduino_core\168P_8MHz\libarduino_core.a(Print.o)
Print::print(__FlashStringHelper const*)          C:\Users\thiago\uC\arduino_core\168P_8MHz\libarduino_core.a(Print.o)
Print::print(char const*)                         C:\Users\thiago\uC\arduino_core\168P_8MHz\libarduino_core.a(Print.o)
                                                  ./main.o
Print::print(char)                                C:\Users\thiago\uC\arduino_core\168P_8MHz\libarduino_core.a(Print.o)
Print::print(double, int)                         C:\Users\thiago\uC\arduino_core\168P_8MHz\libarduino_core.a(Print.o)
                                                  ./main.o
Print::print(int, int)                            C:\Users\thiago\uC\arduino_core\168P_8MHz\libarduino_core.a(Print.o)
                                                  ./main.o
Print::print(long, int)                           C:\Users\thiago\uC\arduino_core\168P_8MHz\libarduino_core.a(Print.o)
Print::print(unsigned char, int)                  C:\Users\thiago\uC\arduino_core\168P_8MHz\libarduino_core.a(Print.o)
Print::print(unsigned int, int)                   C:\Users\thiago\uC\arduino_core\168P_8MHz\libarduino_core.a(Print.o)
Print::print(unsigned long, int)                  C:\Users\thiago\uC\arduino_core\168P_8MHz\libarduino_core.a(Print.o)
Print::printFloat(double, unsigned char)          C:\Users\thiago\uC\arduino_core\168P_8MHz\libarduino_core.a(Print.o)
Print::printNumber(unsigned long, unsigned char)  C:\Users\thiago\uC\arduino_core\168P_8MHz\libarduino_core.a(Print.o)
Print::println()                                  C:\Users\thiago\uC\arduino_core\168P_8MHz\libarduino_core.a(Print.o)
Print::println(Printable const&)                  C:\Users\thiago\uC\arduino_core\168P_8MHz\libarduino_core.a(Print.o)
Print::println(String const&)                     C:\Users\thiago\uC\arduino_core\168P_8MHz\libarduino_core.a(Print.o)
Print::println(__FlashStringHelper const*)        C:\Users\thiago\uC\arduino_core\168P_8MHz\libarduino_core.a(Print.o)
Print::println(char const*)                       C:\Users\thiago\uC\arduino_core\168P_8MHz\libarduino_core.a(Print.o)
Print::println(char)                              C:\Users\thiago\uC\arduino_core\168P_8MHz\libarduino_core.a(Print.o)
Print::println(double, int)                       C:\Users\thiago\uC\arduino_core\168P_8MHz\libarduino_core.a(Print.o)
Print::println(int, int)                          C:\Users\thiago\uC\arduino_core\168P_8MHz\libarduino_core.a(Print.o)
Print::println(long, int)                         C:\Users\thiago\uC\arduino_core\168P_8MHz\libarduino_core.a(Print.o)
Print::println(unsigned char, int)                C:\Users\thiago\uC\arduino_core\168P_8MHz\libarduino_core.a(Print.o)
Print::println(unsigned int, int)                 C:\Users\thiago\uC\arduino_core\168P_8MHz\libarduino_core.a(Print.o)
Print::println(unsigned long, int)                C:\Users\thiago\uC\arduino_core\168P_8MHz\libarduino_core.a(Print.o)
Print::write(char const*)                         C:\Users\thiago\uC\arduino_core\168P_8MHz\libarduino_core.a(Print.o)
Print::write(unsigned char const*, unsigned int)  C:\Users\thiago\uC\arduino_core\168P_8MHz\libarduino_core.a(Print.o)
                                                  ./LiquidCrystal.o
Setpoint                                          ./main.o
String::String(String const&)                     C:\Users\thiago\uC\arduino_core\168P_8MHz\libarduino_core.a(WString.o)
String::String(String const&)                     C:\Users\thiago\uC\arduino_core\168P_8MHz\libarduino_core.a(WString.o)
String::String(char const*)                       C:\Users\thiago\uC\arduino_core\168P_8MHz\libarduino_core.a(WString.o)
String::String(char const*)                       C:\Users\thiago\uC\arduino_core\168P_8MHz\libarduino_core.a(WString.o)
String::String(char)                              C:\Users\thiago\uC\arduino_core\168P_8MHz\libarduino_core.a(WString.o)
String::String(char)                              C:\Users\thiago\uC\arduino_core\168P_8MHz\libarduino_core.a(WString.o)
String::String(int, unsigned char)                C:\Users\thiago\uC\arduino_core\168P_8MHz\libarduino_core.a(WString.o)
String::String(int, unsigned char)                C:\Users\thiago\uC\arduino_core\168P_8MHz\libarduino_core.a(WString.o)
String::String(long, unsigned char)               C:\Users\thiago\uC\arduino_core\168P_8MHz\libarduino_core.a(WString.o)
String::String(long, unsigned char)               C:\Users\thiago\uC\arduino_core\168P_8MHz\libarduino_core.a(WString.o)
String::String(unsigned char, unsigned char)      C:\Users\thiago\uC\arduino_core\168P_8MHz\libarduino_core.a(WString.o)
String::String(unsigned char, unsigned char)      C:\Users\thiago\uC\arduino_core\168P_8MHz\libarduino_core.a(WString.o)
String::String(unsigned int, unsigned char)       C:\Users\thiago\uC\arduino_core\168P_8MHz\libarduino_core.a(WString.o)
String::String(unsigned int, unsigned char)       C:\Users\thiago\uC\arduino_core\168P_8MHz\libarduino_core.a(WString.o)
String::String(unsigned long, unsigned char)      C:\Users\thiago\uC\arduino_core\168P_8MHz\libarduino_core.a(WString.o)
String::String(unsigned long, unsigned char)      C:\Users\thiago\uC\arduino_core\168P_8MHz\libarduino_core.a(WString.o)
String::changeBuffer(unsigned int)                C:\Users\thiago\uC\arduino_core\168P_8MHz\libarduino_core.a(WString.o)
String::charAt(unsigned int) const                C:\Users\thiago\uC\arduino_core\168P_8MHz\libarduino_core.a(WString.o)
String::compareTo(String const&) const            C:\Users\thiago\uC\arduino_core\168P_8MHz\libarduino_core.a(WString.o)
String::concat(String const&)                     C:\Users\thiago\uC\arduino_core\168P_8MHz\libarduino_core.a(WString.o)
String::concat(char const*)                       C:\Users\thiago\uC\arduino_core\168P_8MHz\libarduino_core.a(WString.o)
String::concat(char const*, unsigned int)         C:\Users\thiago\uC\arduino_core\168P_8MHz\libarduino_core.a(WString.o)
String::concat(char)                              C:\Users\thiago\uC\arduino_core\168P_8MHz\libarduino_core.a(WString.o)
String::concat(int)                               C:\Users\thiago\uC\arduino_core\168P_8MHz\libarduino_core.a(WString.o)
String::concat(long)                              C:\Users\thiago\uC\arduino_core\168P_8MHz\libarduino_core.a(WString.o)
String::concat(unsigned char)                     C:\Users\thiago\uC\arduino_core\168P_8MHz\libarduino_core.a(WString.o)
String::concat(unsigned int)                      C:\Users\thiago\uC\arduino_core\168P_8MHz\libarduino_core.a(WString.o)
String::concat(unsigned long)                     C:\Users\thiago\uC\arduino_core\168P_8MHz\libarduino_core.a(WString.o)
String::copy(char const*, unsigned int)           C:\Users\thiago\uC\arduino_core\168P_8MHz\libarduino_core.a(WString.o)
String::endsWith(String const&) const             C:\Users\thiago\uC\arduino_core\168P_8MHz\libarduino_core.a(WString.o)
String::equals(String const&) const               C:\Users\thiago\uC\arduino_core\168P_8MHz\libarduino_core.a(WString.o)
String::equals(char const*) const                 C:\Users\thiago\uC\arduino_core\168P_8MHz\libarduino_core.a(WString.o)
String::equalsIgnoreCase(String const&) const     C:\Users\thiago\uC\arduino_core\168P_8MHz\libarduino_core.a(WString.o)
String::getBytes(unsigned char*, unsigned int, unsigned int) const C:\Users\thiago\uC\arduino_core\168P_8MHz\libarduino_core.a(WString.o)
String::indexOf(String const&) const              C:\Users\thiago\uC\arduino_core\168P_8MHz\libarduino_core.a(WString.o)
String::indexOf(String const&, unsigned int) const C:\Users\thiago\uC\arduino_core\168P_8MHz\libarduino_core.a(WString.o)
String::indexOf(char) const                       C:\Users\thiago\uC\arduino_core\168P_8MHz\libarduino_core.a(WString.o)
String::indexOf(char, unsigned int) const         C:\Users\thiago\uC\arduino_core\168P_8MHz\libarduino_core.a(WString.o)
String::invalidate()                              C:\Users\thiago\uC\arduino_core\168P_8MHz\libarduino_core.a(WString.o)
String::lastIndexOf(String const&) const          C:\Users\thiago\uC\arduino_core\168P_8MHz\libarduino_core.a(WString.o)
String::lastIndexOf(String const&, unsigned int) const C:\Users\thiago\uC\arduino_core\168P_8MHz\libarduino_core.a(WString.o)
String::lastIndexOf(char) const                   C:\Users\thiago\uC\arduino_core\168P_8MHz\libarduino_core.a(WString.o)
String::lastIndexOf(char, unsigned int) const     C:\Users\thiago\uC\arduino_core\168P_8MHz\libarduino_core.a(WString.o)
String::operator<(String const&) const            C:\Users\thiago\uC\arduino_core\168P_8MHz\libarduino_core.a(WString.o)
String::operator<=(String const&) const           C:\Users\thiago\uC\arduino_core\168P_8MHz\libarduino_core.a(WString.o)
String::operator=(String const&)                  C:\Users\thiago\uC\arduino_core\168P_8MHz\libarduino_core.a(WString.o)
String::operator=(char const*)                    C:\Users\thiago\uC\arduino_core\168P_8MHz\libarduino_core.a(WString.o)
String::operator>(String const&) const            C:\Users\thiago\uC\arduino_core\168P_8MHz\libarduino_core.a(WString.o)
String::operator>=(String const&) const           C:\Users\thiago\uC\arduino_core\168P_8MHz\libarduino_core.a(WString.o)
String::operator[](unsigned int)                  C:\Users\thiago\uC\arduino_core\168P_8MHz\libarduino_core.a(WString.o)
String::operator[](unsigned int) const            C:\Users\thiago\uC\arduino_core\168P_8MHz\libarduino_core.a(WString.o)
                                                  C:\Users\thiago\uC\arduino_core\168P_8MHz\libarduino_core.a(Print.o)
String::replace(String const&, String const&)     C:\Users\thiago\uC\arduino_core\168P_8MHz\libarduino_core.a(WString.o)
String::replace(char, char)                       C:\Users\thiago\uC\arduino_core\168P_8MHz\libarduino_core.a(WString.o)
String::reserve(unsigned int)                     C:\Users\thiago\uC\arduino_core\168P_8MHz\libarduino_core.a(WString.o)
String::setCharAt(unsigned int, char)             C:\Users\thiago\uC\arduino_core\168P_8MHz\libarduino_core.a(WString.o)
String::startsWith(String const&) const           C:\Users\thiago\uC\arduino_core\168P_8MHz\libarduino_core.a(WString.o)
String::startsWith(String const&, unsigned int) const C:\Users\thiago\uC\arduino_core\168P_8MHz\libarduino_core.a(WString.o)
String::substring(unsigned int) const             C:\Users\thiago\uC\arduino_core\168P_8MHz\libarduino_core.a(WString.o)
String::substring(unsigned int, unsigned int) const C:\Users\thiago\uC\arduino_core\168P_8MHz\libarduino_core.a(WString.o)
String::toInt() const                             C:\Users\thiago\uC\arduino_core\168P_8MHz\libarduino_core.a(WString.o)
String::toLowerCase()                             C:\Users\thiago\uC\arduino_core\168P_8MHz\libarduino_core.a(WString.o)
String::toUpperCase()                             C:\Users\thiago\uC\arduino_core\168P_8MHz\libarduino_core.a(WString.o)
String::trim()                                    C:\Users\thiago\uC\arduino_core\168P_8MHz\libarduino_core.a(WString.o)
String::~String()                                 C:\Users\thiago\uC\arduino_core\168P_8MHz\libarduino_core.a(WString.o)
String::~String()                                 C:\Users\thiago\uC\arduino_core\168P_8MHz\libarduino_core.a(WString.o)
T                                                 ./main.o
Thermistor()                                      ./main.o
ThermistorPID                                     ./main.o
VerifyPluggedLaser()                              ./main.o
__addsf3                                          c:/winavr-20100110/bin/../lib/gcc/avr/4.3.3/avr5\libgcc.a(_addsub_sf.o)
                                                  C:\Users\thiago\uC\arduino_core\168P_8MHz\libarduino_core.a(Print.o)
                                                  ./PID_v1.o
__bad_interrupt                                   c:/winavr-20100110/bin/../lib/gcc/avr/4.3.3/../../../../avr/lib/avr5/crtm168.o
__brkval                                          c:/winavr-20100110/bin/../lib/gcc/avr/4.3.3/../../../../avr/lib/avr5\libc.a(realloc.o)
                                                  c:/winavr-20100110/bin/../lib/gcc/avr/4.3.3/../../../../avr/lib/avr5\libc.a(malloc.o)
__bss_end                                         c:/winavr-20100110/bin/../lib/gcc/avr/4.3.3/avr5\libgcc.a(_clear_bss.o)
__bss_start                                       c:/winavr-20100110/bin/../lib/gcc/avr/4.3.3/avr5\libgcc.a(_clear_bss.o)
__clz_tab                                         c:/winavr-20100110/bin/../lib/gcc/avr/4.3.3/avr5\libgcc.a(_clz.o)
                                                  c:/winavr-20100110/bin/../lib/gcc/avr/4.3.3/avr5\libgcc.a(_clzsi2.o)
__clzsi2                                          c:/winavr-20100110/bin/../lib/gcc/avr/4.3.3/avr5\libgcc.a(_clzsi2.o)
                                                  c:/winavr-20100110/bin/../lib/gcc/avr/4.3.3/avr5\libgcc.a(_usi_to_sf.o)
                                                  c:/winavr-20100110/bin/../lib/gcc/avr/4.3.3/avr5\libgcc.a(_si_to_sf.o)
__ctors_end                                       c:/winavr-20100110/bin/../lib/gcc/avr/4.3.3/avr5\libgcc.a(_ctors.o)
__ctors_start                                     c:/winavr-20100110/bin/../lib/gcc/avr/4.3.3/avr5\libgcc.a(_ctors.o)
__ctype_isfalse                                   c:/winavr-20100110/bin/../lib/gcc/avr/4.3.3/../../../../avr/lib/avr5\libc.a(cty_isfalse.o)
                                                  c:/winavr-20100110/bin/../lib/gcc/avr/4.3.3/../../../../avr/lib/avr5\libc.a(isspace.o)
__ctype_istrue                                    c:/winavr-20100110/bin/../lib/gcc/avr/4.3.3/../../../../avr/lib/avr5\libc.a(cty_isfalse.o)
__cxa_guard_abort                                 C:\Users\thiago\uC\arduino_core\168P_8MHz\libarduino_core.a(new.o)
__cxa_guard_acquire                               C:\Users\thiago\uC\arduino_core\168P_8MHz\libarduino_core.a(new.o)
__cxa_guard_release                               C:\Users\thiago\uC\arduino_core\168P_8MHz\libarduino_core.a(new.o)
__cxa_pure_virtual                                C:\Users\thiago\uC\arduino_core\168P_8MHz\libarduino_core.a(new.o)
                                                  C:\Users\thiago\uC\arduino_core\168P_8MHz\libarduino_core.a(Print.o)
__data_end                                        c:/winavr-20100110/bin/../lib/gcc/avr/4.3.3/avr5\libgcc.a(_copy_data.o)
__data_load_start                                 c:/winavr-20100110/bin/../lib/gcc/avr/4.3.3/avr5\libgcc.a(_copy_data.o)
__data_start                                      c:/winavr-20100110/bin/../lib/gcc/avr/4.3.3/avr5\libgcc.a(_copy_data.o)
__divsf3                                          c:/winavr-20100110/bin/../lib/gcc/avr/4.3.3/avr5\libgcc.a(_div_sf.o)
                                                  C:\Users\thiago\uC\arduino_core\168P_8MHz\libarduino_core.a(Print.o)
                                                  ./main.o
                                                  ./PID_v1.o
__do_clear_bss                                    c:/winavr-20100110/bin/../lib/gcc/avr/4.3.3/avr5\libgcc.a(_clear_bss.o)
                                                  c:/winavr-20100110/bin/../lib/gcc/avr/4.3.3/../../../../avr/lib/avr5\libc.a(malloc.o)
                                                  C:\Users\thiago\uC\arduino_core\168P_8MHz\libarduino_core.a(wiring.o)
                                                  C:\Users\thiago\uC\arduino_core\168P_8MHz\libarduino_core.a(WString.o)
                                                  ./main.o
__do_copy_data                                    c:/winavr-20100110/bin/../lib/gcc/avr/4.3.3/avr5\libgcc.a(_copy_data.o)
                                                  c:/winavr-20100110/bin/../lib/gcc/avr/4.3.3/../../../../avr/lib/avr5\libc.a(malloc.o)
                                                  c:/winavr-20100110/bin/../lib/gcc/avr/4.3.3/avr5\libgcc.a(_clz.o)
                                                  c:/winavr-20100110/bin/../lib/gcc/avr/4.3.3/avr5\libgcc.a(_thenan_sf.o)
                                                  C:\Users\thiago\uC\arduino_core\168P_8MHz\libarduino_core.a(wiring_analog.o)
                                                  C:\Users\thiago\uC\arduino_core\168P_8MHz\libarduino_core.a(WString.o)
                                                  C:\Users\thiago\uC\arduino_core\168P_8MHz\libarduino_core.a(Print.o)
                                                  ./main.o
                                                  ./LiquidCrystal.o
__do_global_ctors                                 c:/winavr-20100110/bin/../lib/gcc/avr/4.3.3/avr5\libgcc.a(_ctors.o)
                                                  ./main.o
__epilogue_restores__                             c:/winavr-20100110/bin/../lib/gcc/avr/4.3.3/avr5\libgcc.a(_epilogue.o)
                                                  c:/winavr-20100110/bin/../lib/gcc/avr/4.3.3/../../../../avr/lib/avr5\libc.a(realloc.o)
                                                  c:/winavr-20100110/bin/../lib/gcc/avr/4.3.3/avr5\libgcc.a(_usi_to_sf.o)
                                                  c:/winavr-20100110/bin/../lib/gcc/avr/4.3.3/avr5\libgcc.a(_sf_to_si.o)
                                                  c:/winavr-20100110/bin/../lib/gcc/avr/4.3.3/avr5\libgcc.a(_si_to_sf.o)
                                                  c:/winavr-20100110/bin/../lib/gcc/avr/4.3.3/avr5\libgcc.a(_unord_sf.o)
                                                  c:/winavr-20100110/bin/../lib/gcc/avr/4.3.3/avr5\libgcc.a(_le_sf.o)
                                                  c:/winavr-20100110/bin/../lib/gcc/avr/4.3.3/avr5\libgcc.a(_lt_sf.o)
                                                  c:/winavr-20100110/bin/../lib/gcc/avr/4.3.3/avr5\libgcc.a(_ge_sf.o)
                                                  c:/winavr-20100110/bin/../lib/gcc/avr/4.3.3/avr5\libgcc.a(_gt_sf.o)
                                                  c:/winavr-20100110/bin/../lib/gcc/avr/4.3.3/avr5\libgcc.a(_div_sf.o)
                                                  c:/winavr-20100110/bin/../lib/gcc/avr/4.3.3/avr5\libgcc.a(_mul_sf.o)
                                                  c:/winavr-20100110/bin/../lib/gcc/avr/4.3.3/avr5\libgcc.a(_addsub_sf.o)
__fixsfsi                                         c:/winavr-20100110/bin/../lib/gcc/avr/4.3.3/avr5\libgcc.a(_sf_to_si.o)
                                                  c:/winavr-20100110/bin/../lib/gcc/avr/4.3.3/avr5\libgcc.a(_fixunssfsi.o)
                                                  C:\Users\thiago\uC\arduino_core\168P_8MHz\libarduino_core.a(Print.o)
                                                  ./main.o
__fixunssfsi                                      c:/winavr-20100110/bin/../lib/gcc/avr/4.3.3/avr5\libgcc.a(_fixunssfsi.o)
                                                  C:\Users\thiago\uC\arduino_core\168P_8MHz\libarduino_core.a(Print.o)
                                                  ./main.o
__floatsisf                                       c:/winavr-20100110/bin/../lib/gcc/avr/4.3.3/avr5\libgcc.a(_si_to_sf.o)
                                                  C:\Users\thiago\uC\arduino_core\168P_8MHz\libarduino_core.a(Print.o)
                                                  ./main.o
                                                  ./PID_v1.o
__floatunsisf                                     c:/winavr-20100110/bin/../lib/gcc/avr/4.3.3/avr5\libgcc.a(_usi_to_sf.o)
                                                  C:\Users\thiago\uC\arduino_core\168P_8MHz\libarduino_core.a(Print.o)
                                                  ./PID_v1.o
__flp                                             c:/winavr-20100110/bin/../lib/gcc/avr/4.3.3/../../../../avr/lib/avr5\libc.a(realloc.o)
                                                  c:/winavr-20100110/bin/../lib/gcc/avr/4.3.3/../../../../avr/lib/avr5\libc.a(malloc.o)
__fpcmp_parts_f                                   c:/winavr-20100110/bin/../lib/gcc/avr/4.3.3/avr5\libgcc.a(_fpcmp_parts_sf.o)
                                                  c:/winavr-20100110/bin/../lib/gcc/avr/4.3.3/avr5\libgcc.a(_le_sf.o)
                                                  c:/winavr-20100110/bin/../lib/gcc/avr/4.3.3/avr5\libgcc.a(_lt_sf.o)
                                                  c:/winavr-20100110/bin/../lib/gcc/avr/4.3.3/avr5\libgcc.a(_ge_sf.o)
                                                  c:/winavr-20100110/bin/../lib/gcc/avr/4.3.3/avr5\libgcc.a(_gt_sf.o)
__gesf2                                           c:/winavr-20100110/bin/../lib/gcc/avr/4.3.3/avr5\libgcc.a(_ge_sf.o)
                                                  c:/winavr-20100110/bin/../lib/gcc/avr/4.3.3/avr5\libgcc.a(_fixunssfsi.o)
                                                  ./main.o
                                                  ./PID_v1.o
__gtsf2                                           c:/winavr-20100110/bin/../lib/gcc/avr/4.3.3/avr5\libgcc.a(_gt_sf.o)
                                                  C:\Users\thiago\uC\arduino_core\168P_8MHz\libarduino_core.a(Print.o)
                                                  ./main.o
                                                  ./PID_v1.o
__heap_end                                        c:/winavr-20100110/bin/../lib/gcc/avr/4.3.3/../../../../avr/lib/avr5/crtm168.o
                                                  c:/winavr-20100110/bin/../lib/gcc/avr/4.3.3/../../../../avr/lib/avr5\libc.a(malloc.o)
__heap_start                                      c:/winavr-20100110/bin/../lib/gcc/avr/4.3.3/../../../../avr/lib/avr5\libc.a(malloc.o)
__init                                            c:/winavr-20100110/bin/../lib/gcc/avr/4.3.3/../../../../avr/lib/avr5/crtm168.o
__lesf2                                           c:/winavr-20100110/bin/../lib/gcc/avr/4.3.3/avr5\libgcc.a(_le_sf.o)
                                                  C:\Users\thiago\uC\arduino_core\168P_8MHz\libarduino_core.a(Print.o)
__ltsf2                                           c:/winavr-20100110/bin/../lib/gcc/avr/4.3.3/avr5\libgcc.a(_lt_sf.o)
                                                  C:\Users\thiago\uC\arduino_core\168P_8MHz\libarduino_core.a(Print.o)
                                                  ./PID_v1.o
__malloc_heap_end                                 c:/winavr-20100110/bin/../lib/gcc/avr/4.3.3/../../../../avr/lib/avr5\libc.a(malloc.o)
                                                  c:/winavr-20100110/bin/../lib/gcc/avr/4.3.3/../../../../avr/lib/avr5\libc.a(realloc.o)
__malloc_heap_start                               c:/winavr-20100110/bin/../lib/gcc/avr/4.3.3/../../../../avr/lib/avr5\libc.a(malloc.o)
__malloc_margin                                   c:/winavr-20100110/bin/../lib/gcc/avr/4.3.3/../../../../avr/lib/avr5\libc.a(malloc.o)
                                                  c:/winavr-20100110/bin/../lib/gcc/avr/4.3.3/../../../../avr/lib/avr5\libc.a(realloc.o)
__mulsf3                                          c:/winavr-20100110/bin/../lib/gcc/avr/4.3.3/avr5\libgcc.a(_mul_sf.o)
                                                  C:\Users\thiago\uC\arduino_core\168P_8MHz\libarduino_core.a(Print.o)
                                                  ./main.o
                                                  ./PID_v1.o
__mulsi3                                          c:/winavr-20100110/bin/../lib/gcc/avr/4.3.3/avr5\libgcc.a(_mulsi3.o)
                                                  C:\Users\thiago\uC\arduino_core\168P_8MHz\libarduino_core.a(Print.o)
__mulsi_const_10                                  c:/winavr-20100110/bin/../lib/gcc/avr/4.3.3/../../../../avr/lib/avr5\libc.a(mulsi10.o)
                                                  c:/winavr-20100110/bin/../lib/gcc/avr/4.3.3/../../../../avr/lib/avr5\libc.a(atol.o)
__pack_f                                          c:/winavr-20100110/bin/../lib/gcc/avr/4.3.3/avr5\libgcc.a(_pack_sf.o)
                                                  c:/winavr-20100110/bin/../lib/gcc/avr/4.3.3/avr5\libgcc.a(_usi_to_sf.o)
                                                  c:/winavr-20100110/bin/../lib/gcc/avr/4.3.3/avr5\libgcc.a(_si_to_sf.o)
                                                  c:/winavr-20100110/bin/../lib/gcc/avr/4.3.3/avr5\libgcc.a(_div_sf.o)
                                                  c:/winavr-20100110/bin/../lib/gcc/avr/4.3.3/avr5\libgcc.a(_mul_sf.o)
                                                  c:/winavr-20100110/bin/../lib/gcc/avr/4.3.3/avr5\libgcc.a(_addsub_sf.o)
__prologue_saves__                                c:/winavr-20100110/bin/../lib/gcc/avr/4.3.3/avr5\libgcc.a(_prologue.o)
                                                  c:/winavr-20100110/bin/../lib/gcc/avr/4.3.3/../../../../avr/lib/avr5\libc.a(realloc.o)
                                                  c:/winavr-20100110/bin/../lib/gcc/avr/4.3.3/avr5\libgcc.a(_usi_to_sf.o)
                                                  c:/winavr-20100110/bin/../lib/gcc/avr/4.3.3/avr5\libgcc.a(_sf_to_si.o)
                                                  c:/winavr-20100110/bin/../lib/gcc/avr/4.3.3/avr5\libgcc.a(_si_to_sf.o)
                                                  c:/winavr-20100110/bin/../lib/gcc/avr/4.3.3/avr5\libgcc.a(_unord_sf.o)
                                                  c:/winavr-20100110/bin/../lib/gcc/avr/4.3.3/avr5\libgcc.a(_le_sf.o)
                                                  c:/winavr-20100110/bin/../lib/gcc/avr/4.3.3/avr5\libgcc.a(_lt_sf.o)
                                                  c:/winavr-20100110/bin/../lib/gcc/avr/4.3.3/avr5\libgcc.a(_ge_sf.o)
                                                  c:/winavr-20100110/bin/../lib/gcc/avr/4.3.3/avr5\libgcc.a(_gt_sf.o)
                                                  c:/winavr-20100110/bin/../lib/gcc/avr/4.3.3/avr5\libgcc.a(_div_sf.o)
                                                  c:/winavr-20100110/bin/../lib/gcc/avr/4.3.3/avr5\libgcc.a(_mul_sf.o)
                                                  c:/winavr-20100110/bin/../lib/gcc/avr/4.3.3/avr5\libgcc.a(_addsub_sf.o)
__stack                                           c:/winavr-20100110/bin/../lib/gcc/avr/4.3.3/../../../../avr/lib/avr5/crtm168.o
__subsf3                                          c:/winavr-20100110/bin/../lib/gcc/avr/4.3.3/avr5\libgcc.a(_addsub_sf.o)
                                                  c:/winavr-20100110/bin/../lib/gcc/avr/4.3.3/avr5\libgcc.a(_fixunssfsi.o)
                                                  C:\Users\thiago\uC\arduino_core\168P_8MHz\libarduino_core.a(Print.o)
                                                  ./PID_v1.o
__tablejump2__                                    c:/winavr-20100110/bin/../lib/gcc/avr/4.3.3/avr5\libgcc.a(_tablejump.o)
__tablejump__                                     c:/winavr-20100110/bin/../lib/gcc/avr/4.3.3/avr5\libgcc.a(_tablejump.o)
                                                  c:/winavr-20100110/bin/../lib/gcc/avr/4.3.3/avr5\libgcc.a(_ctors.o)
__thenan_sf                                       c:/winavr-20100110/bin/../lib/gcc/avr/4.3.3/avr5\libgcc.a(_thenan_sf.o)
                                                  c:/winavr-20100110/bin/../lib/gcc/avr/4.3.3/avr5\libgcc.a(_div_sf.o)
                                                  c:/winavr-20100110/bin/../lib/gcc/avr/4.3.3/avr5\libgcc.a(_mul_sf.o)
                                                  c:/winavr-20100110/bin/../lib/gcc/avr/4.3.3/avr5\libgcc.a(_addsub_sf.o)
__udivmodhi4                                      c:/winavr-20100110/bin/../lib/gcc/avr/4.3.3/avr5\libgcc.a(_udivmodhi4.o)
                                                  c:/winavr-20100110/bin/../lib/gcc/avr/4.3.3/../../../../avr/lib/avr5\libc.a(utoa.o)
                                                  c:/winavr-20100110/bin/../lib/gcc/avr/4.3.3/../../../../avr/lib/avr5\libc.a(itoa.o)
__udivmodsi4                                      c:/winavr-20100110/bin/../lib/gcc/avr/4.3.3/avr5\libgcc.a(_udivmodsi4.o)
                                                  c:/winavr-20100110/bin/../lib/gcc/avr/4.3.3/../../../../avr/lib/avr5\libc.a(ultoa.o)
                                                  c:/winavr-20100110/bin/../lib/gcc/avr/4.3.3/../../../../avr/lib/avr5\libc.a(ltoa.o)
                                                  C:\Users\thiago\uC\arduino_core\168P_8MHz\libarduino_core.a(Print.o)
__unordsf2                                        c:/winavr-20100110/bin/../lib/gcc/avr/4.3.3/avr5\libgcc.a(_unord_sf.o)
                                                  C:\Users\thiago\uC\arduino_core\168P_8MHz\libarduino_core.a(Print.o)
__unpack_f                                        c:/winavr-20100110/bin/../lib/gcc/avr/4.3.3/avr5\libgcc.a(_unpack_sf.o)
                                                  c:/winavr-20100110/bin/../lib/gcc/avr/4.3.3/avr5\libgcc.a(_sf_to_si.o)
                                                  c:/winavr-20100110/bin/../lib/gcc/avr/4.3.3/avr5\libgcc.a(_unord_sf.o)
                                                  c:/winavr-20100110/bin/../lib/gcc/avr/4.3.3/avr5\libgcc.a(_le_sf.o)
                                                  c:/winavr-20100110/bin/../lib/gcc/avr/4.3.3/avr5\libgcc.a(_lt_sf.o)
                                                  c:/winavr-20100110/bin/../lib/gcc/avr/4.3.3/avr5\libgcc.a(_ge_sf.o)
                                                  c:/winavr-20100110/bin/../lib/gcc/avr/4.3.3/avr5\libgcc.a(_gt_sf.o)
                                                  c:/winavr-20100110/bin/../lib/gcc/avr/4.3.3/avr5\libgcc.a(_div_sf.o)
                                                  c:/winavr-20100110/bin/../lib/gcc/avr/4.3.3/avr5\libgcc.a(_mul_sf.o)
                                                  c:/winavr-20100110/bin/../lib/gcc/avr/4.3.3/avr5\libgcc.a(_addsub_sf.o)
__vector_1                                        c:/winavr-20100110/bin/../lib/gcc/avr/4.3.3/../../../../avr/lib/avr5/crtm168.o
__vector_10                                       c:/winavr-20100110/bin/../lib/gcc/avr/4.3.3/../../../../avr/lib/avr5/crtm168.o
__vector_11                                       c:/winavr-20100110/bin/../lib/gcc/avr/4.3.3/../../../../avr/lib/avr5/crtm168.o
__vector_12                                       c:/winavr-20100110/bin/../lib/gcc/avr/4.3.3/../../../../avr/lib/avr5/crtm168.o
__vector_13                                       c:/winavr-20100110/bin/../lib/gcc/avr/4.3.3/../../../../avr/lib/avr5/crtm168.o
__vector_14                                       c:/winavr-20100110/bin/../lib/gcc/avr/4.3.3/../../../../avr/lib/avr5/crtm168.o
__vector_15                                       c:/winavr-20100110/bin/../lib/gcc/avr/4.3.3/../../../../avr/lib/avr5/crtm168.o
__vector_16                                       C:\Users\thiago\uC\arduino_core\168P_8MHz\libarduino_core.a(wiring.o)
                                                  c:/winavr-20100110/bin/../lib/gcc/avr/4.3.3/../../../../avr/lib/avr5/crtm168.o
__vector_17                                       c:/winavr-20100110/bin/../lib/gcc/avr/4.3.3/../../../../avr/lib/avr5/crtm168.o
__vector_18                                       c:/winavr-20100110/bin/../lib/gcc/avr/4.3.3/../../../../avr/lib/avr5/crtm168.o
__vector_19                                       c:/winavr-20100110/bin/../lib/gcc/avr/4.3.3/../../../../avr/lib/avr5/crtm168.o
__vector_2                                        c:/winavr-20100110/bin/../lib/gcc/avr/4.3.3/../../../../avr/lib/avr5/crtm168.o
__vector_20                                       c:/winavr-20100110/bin/../lib/gcc/avr/4.3.3/../../../../avr/lib/avr5/crtm168.o
__vector_21                                       c:/winavr-20100110/bin/../lib/gcc/avr/4.3.3/../../../../avr/lib/avr5/crtm168.o
__vector_22                                       c:/winavr-20100110/bin/../lib/gcc/avr/4.3.3/../../../../avr/lib/avr5/crtm168.o
__vector_23                                       c:/winavr-20100110/bin/../lib/gcc/avr/4.3.3/../../../../avr/lib/avr5/crtm168.o
__vector_24                                       c:/winavr-20100110/bin/../lib/gcc/avr/4.3.3/../../../../avr/lib/avr5/crtm168.o
__vector_25                                       c:/winavr-20100110/bin/../lib/gcc/avr/4.3.3/../../../../avr/lib/avr5/crtm168.o
__vector_3                                        c:/winavr-20100110/bin/../lib/gcc/avr/4.3.3/../../../../avr/lib/avr5/crtm168.o
__vector_4                                        c:/winavr-20100110/bin/../lib/gcc/avr/4.3.3/../../../../avr/lib/avr5/crtm168.o
__vector_5                                        c:/winavr-20100110/bin/../lib/gcc/avr/4.3.3/../../../../avr/lib/avr5/crtm168.o
__vector_6                                        c:/winavr-20100110/bin/../lib/gcc/avr/4.3.3/../../../../avr/lib/avr5/crtm168.o
__vector_7                                        ./main.o
                                                  c:/winavr-20100110/bin/../lib/gcc/avr/4.3.3/../../../../avr/lib/avr5/crtm168.o
__vector_8                                        ./main.o
                                                  c:/winavr-20100110/bin/../lib/gcc/avr/4.3.3/../../../../avr/lib/avr5/crtm168.o
__vector_9                                        c:/winavr-20100110/bin/../lib/gcc/avr/4.3.3/../../../../avr/lib/avr5/crtm168.o
__vector_default                                  c:/winavr-20100110/bin/../lib/gcc/avr/4.3.3/../../../../avr/lib/avr5/crtm168.o
__vectors                                         c:/winavr-20100110/bin/../lib/gcc/avr/4.3.3/../../../../avr/lib/avr5/crtm168.o
_exit                                             c:/winavr-20100110/bin/../lib/gcc/avr/4.3.3/avr5\libgcc.a(_exit.o)
a                                                 ./main.o
analogRead                                        C:\Users\thiago\uC\arduino_core\168P_8MHz\libarduino_core.a(wiring_analog.o)
                                                  ./main.o
analogReference                                   C:\Users\thiago\uC\arduino_core\168P_8MHz\libarduino_core.a(wiring_analog.o)
analogWrite                                       C:\Users\thiago\uC\arduino_core\168P_8MHz\libarduino_core.a(wiring_analog.o)
analog_reference                                  C:\Users\thiago\uC\arduino_core\168P_8MHz\libarduino_core.a(wiring_analog.o)
atol                                              c:/winavr-20100110/bin/../lib/gcc/avr/4.3.3/../../../../avr/lib/avr5\libc.a(atol.o)
                                                  C:\Users\thiago\uC\arduino_core\168P_8MHz\libarduino_core.a(WString.o)
consKd                                            ./main.o
consKi                                            ./main.o
consKp                                            ./main.o
delay                                             C:\Users\thiago\uC\arduino_core\168P_8MHz\libarduino_core.a(wiring.o)
                                                  ./main.o
delayMicroseconds                                 C:\Users\thiago\uC\arduino_core\168P_8MHz\libarduino_core.a(wiring.o)
                                                  ./LiquidCrystal.o
digitalRead                                       C:\Users\thiago\uC\arduino_core\168P_8MHz\libarduino_core.a(wiring_digital.o)
digitalWrite                                      C:\Users\thiago\uC\arduino_core\168P_8MHz\libarduino_core.a(wiring_digital.o)
                                                  C:\Users\thiago\uC\arduino_core\168P_8MHz\libarduino_core.a(wiring_analog.o)
                                                  ./LiquidCrystal.o
digital_pin_to_bit_mask_PGM                       C:\Users\thiago\uC\arduino_core\168P_8MHz\libarduino_core.a(wiring_digital.o)
digital_pin_to_port_PGM                           C:\Users\thiago\uC\arduino_core\168P_8MHz\libarduino_core.a(wiring_digital.o)
digital_pin_to_timer_PGM                          C:\Users\thiago\uC\arduino_core\168P_8MHz\libarduino_core.a(wiring_digital.o)
                                                  C:\Users\thiago\uC\arduino_core\168P_8MHz\libarduino_core.a(wiring_analog.o)
exit                                              c:/winavr-20100110/bin/../lib/gcc/avr/4.3.3/avr5\libgcc.a(_exit.o)
                                                  c:/winavr-20100110/bin/../lib/gcc/avr/4.3.3/../../../../avr/lib/avr5/crtm168.o
flag_01                                           ./main.o
free                                              c:/winavr-20100110/bin/../lib/gcc/avr/4.3.3/../../../../avr/lib/avr5\libc.a(malloc.o)
                                                  c:/winavr-20100110/bin/../lib/gcc/avr/4.3.3/../../../../avr/lib/avr5\libc.a(realloc.o)
                                                  C:\Users\thiago\uC\arduino_core\168P_8MHz\libarduino_core.a(new.o)
                                                  C:\Users\thiago\uC\arduino_core\168P_8MHz\libarduino_core.a(WString.o)
init                                              C:\Users\thiago\uC\arduino_core\168P_8MHz\libarduino_core.a(wiring.o)
                                                  ./main.o
isspace                                           c:/winavr-20100110/bin/../lib/gcc/avr/4.3.3/../../../../avr/lib/avr5\libc.a(isspace.o)
                                                  C:\Users\thiago\uC\arduino_core\168P_8MHz\libarduino_core.a(WString.o)
itoa                                              c:/winavr-20100110/bin/../lib/gcc/avr/4.3.3/../../../../avr/lib/avr5\libc.a(itoa.o)
                                                  C:\Users\thiago\uC\arduino_core\168P_8MHz\libarduino_core.a(WString.o)
lcd                                               ./main.o
ltoa                                              c:/winavr-20100110/bin/../lib/gcc/avr/4.3.3/../../../../avr/lib/avr5\libc.a(ltoa.o)
                                                  C:\Users\thiago\uC\arduino_core\168P_8MHz\libarduino_core.a(WString.o)
main                                              ./main.o
                                                  c:/winavr-20100110/bin/../lib/gcc/avr/4.3.3/../../../../avr/lib/avr5/crtm168.o
malloc                                            c:/winavr-20100110/bin/../lib/gcc/avr/4.3.3/../../../../avr/lib/avr5\libc.a(malloc.o)
                                                  c:/winavr-20100110/bin/../lib/gcc/avr/4.3.3/../../../../avr/lib/avr5\libc.a(realloc.o)
                                                  C:\Users\thiago\uC\arduino_core\168P_8MHz\libarduino_core.a(new.o)
memcpy                                            c:/winavr-20100110/bin/../lib/gcc/avr/4.3.3/../../../../avr/lib/avr5\libc.a(memcpy.o)
                                                  c:/winavr-20100110/bin/../lib/gcc/avr/4.3.3/../../../../avr/lib/avr5\libc.a(memmove.o)
                                                  c:/winavr-20100110/bin/../lib/gcc/avr/4.3.3/../../../../avr/lib/avr5\libc.a(realloc.o)
                                                  C:\Users\thiago\uC\arduino_core\168P_8MHz\libarduino_core.a(WString.o)
memmove                                           c:/winavr-20100110/bin/../lib/gcc/avr/4.3.3/../../../../avr/lib/avr5\libc.a(memmove.o)
                                                  C:\Users\thiago\uC\arduino_core\168P_8MHz\libarduino_core.a(WString.o)
micros                                            C:\Users\thiago\uC\arduino_core\168P_8MHz\libarduino_core.a(wiring.o)
millis                                            C:\Users\thiago\uC\arduino_core\168P_8MHz\libarduino_core.a(wiring.o)
                                                  ./PID_v1.o
operator delete(void*)                            C:\Users\thiago\uC\arduino_core\168P_8MHz\libarduino_core.a(new.o)
operator new(unsigned int)                        C:\Users\thiago\uC\arduino_core\168P_8MHz\libarduino_core.a(new.o)
operator+(StringSumHelper const&, String const&)  C:\Users\thiago\uC\arduino_core\168P_8MHz\libarduino_core.a(WString.o)
operator+(StringSumHelper const&, char const*)    C:\Users\thiago\uC\arduino_core\168P_8MHz\libarduino_core.a(WString.o)
operator+(StringSumHelper const&, char)           C:\Users\thiago\uC\arduino_core\168P_8MHz\libarduino_core.a(WString.o)
operator+(StringSumHelper const&, int)            C:\Users\thiago\uC\arduino_core\168P_8MHz\libarduino_core.a(WString.o)
operator+(StringSumHelper const&, long)           C:\Users\thiago\uC\arduino_core\168P_8MHz\libarduino_core.a(WString.o)
operator+(StringSumHelper const&, unsigned char)  C:\Users\thiago\uC\arduino_core\168P_8MHz\libarduino_core.a(WString.o)
operator+(StringSumHelper const&, unsigned int)   C:\Users\thiago\uC\arduino_core\168P_8MHz\libarduino_core.a(WString.o)
operator+(StringSumHelper const&, unsigned long)  C:\Users\thiago\uC\arduino_core\168P_8MHz\libarduino_core.a(WString.o)
pinMode                                           C:\Users\thiago\uC\arduino_core\168P_8MHz\libarduino_core.a(wiring_digital.o)
                                                  C:\Users\thiago\uC\arduino_core\168P_8MHz\libarduino_core.a(wiring_analog.o)
                                                  ./LiquidCrystal.o
port_to_input_PGM                                 C:\Users\thiago\uC\arduino_core\168P_8MHz\libarduino_core.a(wiring_digital.o)
port_to_mode_PGM                                  C:\Users\thiago\uC\arduino_core\168P_8MHz\libarduino_core.a(wiring_digital.o)
port_to_output_PGM                                C:\Users\thiago\uC\arduino_core\168P_8MHz\libarduino_core.a(wiring_digital.o)
pwm1_init()                                       ./main.o
pwm1_stop()                                       ./main.o
pwm2_init()                                       ./main.o
pwm2_stop()                                       ./main.o
read_keys()                                       ./main.o
realloc                                           c:/winavr-20100110/bin/../lib/gcc/avr/4.3.3/../../../../avr/lib/avr5\libc.a(realloc.o)
                                                  C:\Users\thiago\uC\arduino_core\168P_8MHz\libarduino_core.a(WString.o)
safetyCheck()                                     ./main.o
state                                             ./main.o
strchr                                            c:/winavr-20100110/bin/../lib/gcc/avr/4.3.3/../../../../avr/lib/avr5\libc.a(strchr.o)
                                                  C:\Users\thiago\uC\arduino_core\168P_8MHz\libarduino_core.a(WString.o)
strcmp                                            c:/winavr-20100110/bin/../lib/gcc/avr/4.3.3/../../../../avr/lib/avr5\libc.a(strcmp.o)
                                                  C:\Users\thiago\uC\arduino_core\168P_8MHz\libarduino_core.a(WString.o)
strcpy                                            c:/winavr-20100110/bin/../lib/gcc/avr/4.3.3/../../../../avr/lib/avr5\libc.a(strcpy.o)
                                                  C:\Users\thiago\uC\arduino_core\168P_8MHz\libarduino_core.a(WString.o)
strncmp                                           c:/winavr-20100110/bin/../lib/gcc/avr/4.3.3/../../../../avr/lib/avr5\libc.a(strncmp.o)
                                                  C:\Users\thiago\uC\arduino_core\168P_8MHz\libarduino_core.a(WString.o)
strncpy                                           c:/winavr-20100110/bin/../lib/gcc/avr/4.3.3/../../../../avr/lib/avr5\libc.a(strncpy.o)
                                                  C:\Users\thiago\uC\arduino_core\168P_8MHz\libarduino_core.a(WString.o)
strrchr                                           c:/winavr-20100110/bin/../lib/gcc/avr/4.3.3/../../../../avr/lib/avr5\libc.a(strrchr.o)
                                                  C:\Users\thiago\uC\arduino_core\168P_8MHz\libarduino_core.a(WString.o)
strrev                                            c:/winavr-20100110/bin/../lib/gcc/avr/4.3.3/../../../../avr/lib/avr5\libc.a(strrev.o)
                                                  c:/winavr-20100110/bin/../lib/gcc/avr/4.3.3/../../../../avr/lib/avr5\libc.a(utoa.o)
                                                  c:/winavr-20100110/bin/../lib/gcc/avr/4.3.3/../../../../avr/lib/avr5\libc.a(ultoa.o)
                                                  c:/winavr-20100110/bin/../lib/gcc/avr/4.3.3/../../../../avr/lib/avr5\libc.a(ltoa.o)
                                                  c:/winavr-20100110/bin/../lib/gcc/avr/4.3.3/../../../../avr/lib/avr5\libc.a(itoa.o)
strstr                                            c:/winavr-20100110/bin/../lib/gcc/avr/4.3.3/../../../../avr/lib/avr5\libc.a(strstr.o)
                                                  C:\Users\thiago\uC\arduino_core\168P_8MHz\libarduino_core.a(WString.o)
summary()                                         ./main.o
timer0_millis                                     C:\Users\thiago\uC\arduino_core\168P_8MHz\libarduino_core.a(wiring.o)
timer0_overflow_count                             C:\Users\thiago\uC\arduino_core\168P_8MHz\libarduino_core.a(wiring.o)
tolower                                           c:/winavr-20100110/bin/../lib/gcc/avr/4.3.3/../../../../avr/lib/avr5\libc.a(tolower.o)
                                                  C:\Users\thiago\uC\arduino_core\168P_8MHz\libarduino_core.a(WString.o)
toupper                                           c:/winavr-20100110/bin/../lib/gcc/avr/4.3.3/../../../../avr/lib/avr5\libc.a(toupper.o)
                                                  C:\Users\thiago\uC\arduino_core\168P_8MHz\libarduino_core.a(WString.o)
ultoa                                             c:/winavr-20100110/bin/../lib/gcc/avr/4.3.3/../../../../avr/lib/avr5\libc.a(ultoa.o)
                                                  C:\Users\thiago\uC\arduino_core\168P_8MHz\libarduino_core.a(WString.o)
utoa                                              c:/winavr-20100110/bin/../lib/gcc/avr/4.3.3/../../../../avr/lib/avr5\libc.a(utoa.o)
                                                  C:\Users\thiago\uC\arduino_core\168P_8MHz\libarduino_core.a(WString.o)
vtable for LiquidCrystal                          ./LiquidCrystal.o
vtable for Print                                  C:\Users\thiago\uC\arduino_core\168P_8MHz\libarduino_core.a(Print.o)